 PROCESS            0  OF           14  WORKING
 PROCESS            1  OF           14  WORKING
 PROCESS            2  OF           14  WORKING
 PROCESS            3  OF           14  WORKING
 PROCESS            4  OF           14  WORKING
 PROCESS            5  OF           14  WORKING
 PROCESS            6  OF           14  WORKING
 PROCESS            7  OF           14  WORKING
 PROCESS            8  OF           14  WORKING
 PROCESS            9  OF           14  WORKING
 PROCESS           10  OF           14  WORKING
 PROCESS           11  OF           14  WORKING
 PROCESS           12  OF           14  WORKING
 PROCESS           13  OF           14  WORKING

         
 *******************************************************************************
 *                                                                             *
 *                               CRYSTAL14                                     *
 *                      public : 1.0.2 - Feb 23rd, 2013                        *
 *                       HTTP://WWW.CRYSTAL.UNITO.IT                           *
 *                                                                             *
 *                              MAIN AUTHORS                                   *
 *                                                                             *
 *  R. DOVESI(1,11), V.R. SAUNDERS(2), C. ROETTI(1,11), R. ORLANDO(1,11),      *
 *  C.M. ZICOVICH-WILSON(1,3), F. PASCALE(4), B. CIVALLERI(1,11),              *
 *  K. DOLL(5), N.M. HARRISON(2,6), I. J. BUSH(7), Ph. D'ARCO(8),              *
 *  M. LLUNELL(9), M. CAUSA'(10), Y. NOEL(8)                                   *
 *                                                                             *
 *        CONTRIBUTIONS TO THE CURRENT RELEASE HAVE BEEN GIVEN BY              *
 *                                                                             *
 *  L. MASCHIO(1,11), S. CASASSA(1,11), A. ERBA(1,11), M. FERRABONE(1,11),     *
 *  M. DE LA PIERRE(1,11), M. FERRERO(1,11), V. LACIVITA(1,11),                *
 *  J. BAIMA(1,11), E. ALBANESE(1,11), M.F. PEINTINGER(12), R. BAST(13),       *
 *  M. RERAT(14), B. KIRTMAN(15), R. DEMICHELIS(1,16)                          *
 *                                                                             *
 * (1) THEORETICAL CHEMISTRY GROUP - UNIVERSITA' DI TORINO - TORINO (ITALY)    *
 *     http://www.crystal.unito.it                                             *
 * (2) COMPUTATIONAL SCIENCE & ENGINEERING DEPARTMENT - STFC DARESBURY (UK)    *
 *     http://www.stfc.ac.uk/CSE/randd/cmg/CRYSTAL/25806.aspx                  *
 * (3) UNIVERSIDAD AUTONOMA DEL ESTADO DE MORELOS - CUERNAVACA (MEXICO)        *
 * (4) UNIVERSITE' DE LORRAINE - NANCY (FRANCE)                                *
 * (5) UNIVERSITAET ULM - ULM (GERMANY); (6) IMPERIAL COLLEGE - LONDON (UK)    *
 * (7) NAG - OXFORD (UK); (8) UPMC - SORBONNE UNIVERSITES - PARIS (FRANCE)     *
 * (9) UNIVERSIDAD DE BARCELONA - BARCELONA (SPAIN)                            *
 *(10) UNIVERSITA' DI NAPOLI "FEDERICO II" - NAPOLI (ITALY)                    *
 *(11) NIS - NANOSTRUCTURED INTERFACES AND SURFACES - TORINO (ITALY)           *
 *(12) MPI FUER CHEMISCHE ENERGIEKONVERSION - MUELHEIM AN DER RUHR (GERMANY)   *
 *(13) UNIVERSITY OF STOCKHOLM - STOCKHOLM (SWEDEN)                            *
 *(14) UNIVERSITE' DE PAU ET DES PAYS DE L'ADOUR - PAU (FRANCE)                *
 *(15) UNIVERSITY OF CALIFORNIA SANTA BARBARA - SANTA BARBARA (USA)            *
 *(16) CURTIN UNIVERSITY - PERTH (AUSTRALIA)                                   *
 *                                                                             *
 ********************************************************************************
 EEEEEEEEEE STARTING  DATE 09 12 2017 TIME 03:22:53.4
 black p                                                                         

 SLAB CALCULATION
 SYSTEM AND LATTICE                   :  OBLIQUE     
 TWO-SIDED PLANE GROUP N.  1          :  P 1             
 CORRESPONDING SPACE GROUP N.   1

 LATTICE PARAMETERS  (ANGSTROMS AND DEGREES) - CONVENTIONAL CELL
           A              B            GAMMA
        3.29400        4.46279       90.00190


 NUMBER OF IRREDUCIBLE ATOMS IN THE CONVENTIONAL CELL:    8

 INPUT COORDINATES

 ATOM AT. N.              COORDINATES
   1  15    -2.500019207010E-01 -4.209460829187E-01  3.632461643661E+00
   2  15     2.500101901927E-01 -9.421278815670E-02  3.641530001473E+00
   3  15     2.500000000000E-01  7.863000000000E-02  1.550000000000E+00
   4  15    -2.499815187864E-01  4.061106153149E-01  1.538708898854E+00
   5  15     2.500000000000E-01 -4.213700000000E-01 -1.550000000000E+00
   6  15    -2.499864188737E-01 -9.387379184557E-02 -1.539124057504E+00
   7  15    -2.499980772885E-01  7.907174242089E-02 -3.632901395412E+00
   8  15     2.500185232964E-01  4.058118423740E-01 -3.641552477004E+00

 *******************************************************************************

 << INFORMATION >>: FROM NOW ON, ALL COORDINATES REFER TO THE PRIMITIVE CELL

 *******************************************************************************

 LATTICE PARAMETERS  (ANGSTROMS AND DEGREES) - PRIMITIVE CELL
       A          B          C        ALPHA      BETA     GAMMA        VOLUME
    3.29400    4.46279  500.00000    90.00000  90.00000  90.00190     14.700433

 COORDINATES OF THE EQUIVALENT ATOMS 
 (X AND Y IN FRACTIONARY UNITS, Z IN ANGSTROMS)

 N. ATOM EQUIV AT. N.          X                  Y                  Z

   1   1   1   15 P    -2.50001920701E-01 -4.20946082919E-01  3.63246164366E+00

   2   2   1   15 P     2.50010190193E-01 -9.42127881567E-02  3.64153000147E+00

   3   3   1   15 P     2.50000000000E-01  7.86300000000E-02  1.55000000000E+00

   4   4   1   15 P    -2.49981518786E-01  4.06110615315E-01  1.53870889885E+00

   5   5   1   15 P     2.50000000000E-01 -4.21370000000E-01 -1.55000000000E+00

   6   6   1   15 P    -2.49986418874E-01 -9.38737918456E-02 -1.53912405750E+00

   7   7   1   15 P    -2.49998077288E-01  7.90717424209E-02 -3.63290139541E+00

   8   8   1   15 P     2.50018523296E-01  4.05811842374E-01 -3.64155247700E+00

 NUMBER OF SYMMETRY OPERATORS         :    1
 *******************************************************************************
 * GEOMETRY EDITING - INPUT COORDINATES ARE GIVEN IN ANGSTROM         
 *******************************************************************************

 GCALCO - MAX INDICES DIRECT LATTICE VECTOR    97    71     0
 NO.OF VECTORS CREATED 6999 STARS 3500 RMAX   341.98753 BOHR

 GEOMETRY FOR WAVE FUNCTION - DIMENSIONALITY OF THE SYSTEM    2
 (NON PERIODIC DIRECTION: LATTICE PARAMETER FORMALLY SET TO 500)
 *******************************************************************************
 LATTICE PARAMETERS (ANGSTROMS AND DEGREES) - BOHR = 0.5291772083 ANGSTROM
 PRIMITIVE CELL
         A              B              C           ALPHA      BETA       GAMMA 
     3.29400428     4.46278516   500.00000000    90.000000  90.000000  90.001902
 *******************************************************************************
 ATOMS IN THE ASYMMETRIC UNIT    8 - ATOMS IN THE UNIT CELL:    8
     ATOM                 X/A                 Y/B             Z(ANGSTROM)
 *******************************************************************************
      1 T  15 P    -2.500019207010E-01 -4.209460829187E-01  3.632461643661E+00
      2 T  15 P     2.500101901927E-01 -9.421278815670E-02  3.641530001473E+00
      3 T  15 P     2.500000000000E-01  7.863000000000E-02  1.550000000000E+00
      4 T  15 P    -2.499815187864E-01  4.061106153149E-01  1.538708898854E+00
      5 T  15 P     2.500000000000E-01 -4.213700000000E-01 -1.550000000000E+00
      6 T  15 P    -2.499864188737E-01 -9.387379184557E-02 -1.539124057504E+00
      7 T  15 P    -2.499980772885E-01  7.907174242089E-02 -3.632901395412E+00
      8 T  15 P     2.500185232964E-01  4.058118423740E-01 -3.641552477004E+00

 T = ATOM BELONGING TO THE ASYMMETRIC UNIT

 ****    1 SYMMOPS - TRANSLATORS IN FRACTIONAL UNITS
 **** MATRICES AND TRANSLATORS IN THE CRYSTALLOGRAPHIC REFERENCE FRAME
   V INV                    ROTATION MATRICES                   TRANSLATORS
   1   1  1.00 -0.00  0.00  0.00  1.00  0.00  0.00 -0.00  1.00  0.00  0.00  0.00

 DIRECT LATTICE VECTORS CARTESIAN COMPONENTS (ANGSTROM)
          X                    Y                    Z
   0.329400427819E+01  -0.109348300916E-03   0.000000000000E+00
   0.000000000000E+00   0.446278516000E+01   0.000000000000E+00
   0.000000000000E+00   0.000000000000E+00   0.500000000000E+03


 CARTESIAN COORDINATES - PRIMITIVE CELL
 *******************************************************************************
 *      ATOM          X(ANGSTROM)         Y(ANGSTROM)         Z(ANGSTROM)
 *******************************************************************************
    1    15 P    -8.235073963436E-01 -1.878564594724E+00  3.632461643661E+00
    2    15 P     8.235346360846E-01 -4.204787710575E-01  3.641530001473E+00
    3    15 P     8.235010695463E-01  3.508814600556E-01  1.550000000000E+00
    4    15 P    -8.234401923496E-01  1.812411762400E+00  1.538708898854E+00
    5    15 P     8.235010695463E-01 -1.880511119944E+00 -1.550000000000E+00
    6    15 P    -8.234563332581E-01 -4.189112295712E-01 -1.539124057504E+00
    7    15 P    -8.234947361264E-01  3.529075355163E-01 -3.632901395412E+00
    8    15 P     8.235620853638E-01  1.811023728798E+00 -3.641552477004E+00

 *******************************************************************************
 * ATOMS TRANSFORMED INTO GHOSTS :   4
   5( 15)   6( 15)   7( 15)   8( 15)
 SYMMETRY MAY BE BROKEN

 *******************************************************************************
 LOCAL ATOMIC FUNCTIONS BASIS SET
 *******************************************************************************
   ATOM   X(AU)   Y(AU)   Z(AU)  N. TYPE  EXPONENT  S COEF   P COEF   D/F/G COEF
 *******************************************************************************
   1 P   -1.556  -3.550   6.864
                                  1 S  
                                         5.243E+04 5.521E-04 0.000E+00 0.000E+00
                                         7.863E+03 4.268E-03 0.000E+00 0.000E+00
                                         1.790E+03 2.193E-02 0.000E+00 0.000E+00
                                         5.063E+02 8.567E-02 0.000E+00 0.000E+00
                                         1.646E+02 2.484E-01 0.000E+00 0.000E+00
                                         5.839E+01 4.634E-01 0.000E+00 0.000E+00
                                         2.164E+01 3.535E-01 0.000E+00 0.000E+00
                                  2 S  
                                         9.901E+01 2.190E-02 0.000E+00 0.000E+00
                                         3.055E+01 9.565E-02 0.000E+00 0.000E+00
                                         5.454E+00-2.945E-01 0.000E+00 0.000E+00
                                  3 S  
                                         2.648E+00 1.329E+00 0.000E+00 0.000E+00
                                         1.274E+00 6.611E-01 0.000E+00 0.000E+00
                           4-     7 SP 
                                         3.500E-01 1.000E+00 1.000E+00 0.000E+00
                           8-    11 SP 
                                         1.300E-01 1.000E+00 1.000E+00 0.000E+00
                          12-    14 P  
                                         4.723E+02 0.000E+00 2.571E-03 0.000E+00
                                         1.116E+02 0.000E+00 2.025E-02 0.000E+00
                                         3.545E+01 0.000E+00 9.158E-02 0.000E+00
                                         1.299E+01 0.000E+00 2.575E-01 0.000E+00
                                         5.049E+00 0.000E+00 4.286E-01 0.000E+00
                                         1.993E+00 0.000E+00 3.436E-01 0.000E+00
                          15-    17 P  
                                         6.964E-01 0.000E+00 1.000E+00 0.000E+00
                          18-    22 D  
                                         3.120E+00 0.000E+00 0.000E+00 2.000E-01
                                         6.480E-01 0.000E+00 0.000E+00 1.000E+00
                          23-    27 D  
                                         2.180E-01 0.000E+00 0.000E+00 1.000E+00
                          28-    34 F  
                                         4.520E-01 0.000E+00 0.000E+00 1.000E+00
   2 P    1.556  -0.795   6.881
   3 P    1.556   0.663   2.929
   4 P   -1.556   3.425   2.908
   5 XX   1.556  -3.554  -2.929
   6 XX  -1.556  -0.792  -2.909
   7 XX  -1.556   0.667  -6.865
   8 XX   1.556   3.422  -6.882
 INFORMATION **** SET_MPP **** PCRYSTAL CALCULATION
 INFORMATION **** READM2 **** NEW DEFAULT: FOCK/KS MATRIX MIXING SET TO 30 %
 INFORMATION **** READM2 **** NEW DEFAULT: FULL DIRECT SCF MODE
 INFORMATION **** READM2 **** NEW DEFAULT: COULOMB BIPOLAR BUFFER SET TO 32 Mb
 INFORMATION **** READM2 **** NEW DEFAULT: EXCHANGE BIPOLAR BUFFER SET TO 32 Mb
 INFORMATION **** TOLINTEG **** COULOMB AND EXCHANGE SERIES TOLERANCES MODIFIED
 INFORMATION **** MAXCYCLE **** MAX NUMBER OF SCF CYCLES SET TO          60
 INFORMATION **** EXCHSIZE **** EXCHANGE BIPOLAR BUFFER SIZE SET TO    30000000
 INFORMATION **** BIPOSIZE **** COULOMB BIPOLAR BUFFER SET TO    30000000

 GHOST ATOMS - REMOVAL OF NUCLEAR CHARGE AND ELECTRONS
 TOTAL NUCLEAR CHARGE        6.000000E+01
 TOTAL ELECTRONIC CHARGE     6.000000E+01
 *******************************************************************************
 N. OF ATOMS PER CELL         8  COULOMB OVERLAP TOL         (T1) 10**  -15
 NUMBER OF SHELLS            80  COULOMB PENETRATION TOL     (T2) 10**  -15
 NUMBER OF AO               272  EXCHANGE OVERLAP TOL        (T3) 10**  -15
 N. OF ELECTRONS PER CELL    60  EXCHANGE PSEUDO OVP (F(G))  (T4) 10**  -25
 CORE ELECTRONS PER CELL     40  EXCHANGE PSEUDO OVP (P(G))  (T5) 10**  -75
 N. OF SYMMETRY OPERATORS     1  POLE ORDER IN MONO ZONE                  4
 *******************************************************************************
 TYPE OF CALCULATION :  RESTRICTED CLOSED SHELL
 HARTREE-FOCK HAMILTONIAN

 CAPPA:IS1 12;IS2 12;IS3  1; K PTS MONK NET  74; SYMMOPS:K SPACE   2;G SPACE   1

 *******************************************************************************
 MAX NUMBER OF SCF CYCLES      60  CONVERGENCE ON DELTAP        10**-16
 WEIGHT OF F(I) IN F(I+1)      60% CONVERGENCE ON ENERGY        10**- 6
 SHRINK. FACT.(MONKH.)   12 12  1  NUMBER OF K POINTS IN THE IBZ     74
 SHRINKING FACTOR(GILAT NET)   12  NUMBER OF K POINTS(GILAT NET)     74
 *******************************************************************************
 *** K POINTS COORDINATES (OBLIQUE COORDINATES IN UNITS OF IS = 12)
   1-R(  0  0  0)   2-C(  1  0  0)   3-C(  2  0  0)   4-C(  3  0  0)
   5-C(  4  0  0)   6-C(  5  0  0)   7-R(  6  0  0)   8-C(  0  1  0)
   9-C(  1  1  0)  10-C(  2  1  0)  11-C(  3  1  0)  12-C(  4  1  0)
  13-C(  5  1  0)  14-C(  6  1  0)  15-C(  7  1  0)  16-C(  8  1  0)
  17-C(  9  1  0)  18-C( 10  1  0)  19-C( 11  1  0)  20-C(  0  2  0)
  21-C(  1  2  0)  22-C(  2  2  0)  23-C(  3  2  0)  24-C(  4  2  0)
  25-C(  5  2  0)  26-C(  6  2  0)  27-C(  7  2  0)  28-C(  8  2  0)
  29-C(  9  2  0)  30-C( 10  2  0)  31-C( 11  2  0)  32-C(  0  3  0)
  33-C(  1  3  0)  34-C(  2  3  0)  35-C(  3  3  0)  36-C(  4  3  0)
  37-C(  5  3  0)  38-C(  6  3  0)  39-C(  7  3  0)  40-C(  8  3  0)
  41-C(  9  3  0)  42-C( 10  3  0)  43-C( 11  3  0)  44-C(  0  4  0)
  45-C(  1  4  0)  46-C(  2  4  0)  47-C(  3  4  0)  48-C(  4  4  0)
  49-C(  5  4  0)  50-C(  6  4  0)  51-C(  7  4  0)  52-C(  8  4  0)
  53-C(  9  4  0)  54-C( 10  4  0)  55-C( 11  4  0)  56-C(  0  5  0)
  57-C(  1  5  0)  58-C(  2  5  0)  59-C(  3  5  0)  60-C(  4  5  0)
  61-C(  5  5  0)  62-C(  6  5  0)  63-C(  7  5  0)  64-C(  8  5  0)
  65-C(  9  5  0)  66-C( 10  5  0)  67-C( 11  5  0)  68-R(  0  6  0)
  69-C(  1  6  0)  70-C(  2  6  0)  71-C(  3  6  0)  72-C(  4  6  0)
  73-C(  5  6  0)  74-R(  6  6  0)

 DIRECT LATTICE VECTORS COMPON. (A.U.)     RECIP. LATTICE VECTORS COMPON. (A.U.) 
        X            Y            Z              X            Y            Z
    6.2247660   -0.0002066    0.0000000      1.0093850    0.0000000    0.0000000
    0.0000000    8.4334417    0.0000000      0.0000247    0.7450322    0.0000000
    0.0000000    0.0000000  944.8630670      0.0000000    0.0000000    0.0066498

 DISK SPACE FOR EIGENVECTORS (FTN 10)    10653696 REALS

 SYMMETRY ADAPTION OF THE BLOCH FUNCTIONS DISABLED
 TTTTTTTTTTTTTTTTTTTTTTTTTTTTTT gordsh1     TELAPSE        0.14 TCPU        0.01

 MATRIX SIZE: P(G) 4034896, F(G)  595816, P(G) IRR 2054600, F(G) IRR  605488
 MAX G-VECTOR INDEX FOR 1- AND 2-ELECTRON INTEGRALS 195

 TTTTTTTTTTTTTTTTTTTTTTTTTTTTTT INPUT       TELAPSE        0.15 TCPU        0.02

 NEIGHBORS OF THE NON-EQUIVALENT ATOMS

 N = NUMBER OF NEIGHBORS AT DISTANCE R
    ATOM  N     R/ANG      R/AU   NEIGHBORS (ATOM LABELS AND CELL INDICES)
   1 P    1     2.1997     4.1569    2 P    0 0 0
   1 P    1     2.1997     4.1569    2 P   -1 0 0
   1 P    1     2.2315     4.2169    4 P    0-1 0
   1 P    2     3.2940     6.2248    1 P   -1 0 0    1 P    1 0 0
   1 P    1     3.4264     6.4749    2 P   -1-1 0
   1 P    1     3.4265     6.4752    2 P    0-1 0

   2 P    1     2.1997     4.1569    1 P    0 0 0
   2 P    1     2.1997     4.1569    1 P    1 0 0
   2 P    1     2.2292     4.2126    3 P    0 0 0
   2 P    2     3.2940     6.2248    2 P   -1 0 0    2 P    1 0 0
   2 P    1     3.4264     6.4749    1 P    1 1 0
   2 P    1     3.4265     6.4752    1 P    0 1 0

   3 P    1     2.2020     4.1611    4 P    0 0 0
   3 P    1     2.2020     4.1611    4 P    1 0 0
   3 P    1     2.2292     4.2126    2 P    0 0 0
   3 P    2     3.2940     6.2248    3 P   -1 0 0    3 P    1 0 0
   3 P    1     3.4235     6.4694    4 P    0-1 0
   3 P    1     3.4236     6.4697    4 P    1-1 0

   4 P    1     2.2020     4.1611    3 P    0 0 0
   4 P    1     2.2020     4.1611    3 P   -1 0 0
   4 P    1     2.2315     4.2169    1 P    0 1 0
   4 P    2     3.2940     6.2248    4 P   -1 0 0    4 P    1 0 0
   4 P    1     3.4235     6.4694    3 P    0 1 0
   4 P    1     3.4236     6.4697    3 P   -1 1 0

   5 XX   1     2.2020     4.1612    6 XX   1 0 0
   5 XX   1     2.2020     4.1612    6 XX   0 0 0
   5 XX   1     2.2292     4.2126    8 XX   0-1 0
   5 XX   2     3.2940     6.2248    5 XX  -1 0 0    5 XX   1 0 0
   5 XX   1     3.4234     6.4693    6 XX   0-1 0
   5 XX   1     3.4235     6.4696    6 XX   1-1 0

   6 XX   1     2.2020     4.1612    5 XX  -1 0 0
   6 XX   1     2.2020     4.1612    5 XX   0 0 0
   6 XX   1     2.2315     4.2169    7 XX   0 0 0
   6 XX   2     3.2940     6.2248    6 XX  -1 0 0    6 XX   1 0 0
   6 XX   1     3.4234     6.4693    5 XX   0 1 0
   6 XX   1     3.4235     6.4696    5 XX  -1 1 0

   7 XX   1     2.1998     4.1569    8 XX  -1 0 0
   7 XX   1     2.1998     4.1570    8 XX   0 0 0
   7 XX   1     2.2315     4.2169    6 XX   0 0 0
   7 XX   2     3.2940     6.2248    7 XX  -1 0 0    7 XX   1 0 0
   7 XX   1     3.4264     6.4749    8 XX  -1-1 0
   7 XX   1     3.4265     6.4751    8 XX   0-1 0

   8 XX   1     2.1998     4.1569    7 XX   1 0 0
   8 XX   1     2.1998     4.1570    7 XX   0 0 0
   8 XX   1     2.2292     4.2126    5 XX   0 1 0
   8 XX   2     3.2940     6.2248    8 XX  -1 0 0    8 XX   1 0 0
   8 XX   1     3.4264     6.4749    7 XX   1 1 0
   8 XX   1     3.4265     6.4751    7 XX   0 1 0


 SYMMETRY ALLOWED INTERNAL DEGREE(S) OF FREEDOM:  21
 TTTTTTTTTTTTTTTTTTTTTTTTTTTTTT SYMM        TELAPSE        0.15 TCPU        0.02
 TTTTTTTTTTTTTTTTTTTTTTTTTTTTTT INT_SCREEN  TELAPSE        0.15 TCPU        0.02
 INFORMATION **** EXCBUF **** EXCH. BIPO BUFFER: WORDS USED =     6038568

 GHOST ATOMS - REMOVAL OF NUCLEAR CHARGE AND ELECTRONS
 TOTAL NUCLEAR CHARGE        6.000000E+01
 TOTAL ELECTRONIC CHARGE     6.000000E+01
 TTTTTTTTTTTTTTTTTTTTTTTTTTTTTT INT_CALC    TELAPSE        0.24 TCPU        0.11
 EEEEEEEEEE INT_CALC TERMINATION  DATE 09 12 2017 TIME 03:22:53.6

 *******************************************************************************
 black p                                                                         
 CRYSTAL - SCF - TYPE OF CALCULATION :  RESTRICTED CLOSED SHELL
 *******************************************************************************

 CAPPA:IS1 12;IS2 12;IS3  1; K PTS MONK NET  74; SYMMOPS:K SPACE   2;G SPACE   1

 TTTTTTTTTTTTTTTTTTTTTTTTTTTTTT SDIK        TELAPSE        0.36 TCPU        0.23

 AAAAAAAAAAAAAAAAAAAAAAAAAAAAAAAAAAAAAAAAAAAAAAAAAAAAAAAAAAAAAAAAAAAAAAAAAAAAAAA
         ATOMIC WAVEFUNCTION(S)


 NUCLEAR CHARGE 15.0  SYMMETRY SPECIES            S    P
 N. ELECTRONS   15.0  NUMBER OF PRIMITIVE GTOS   14    9
                      NUMBER OF CONTRACTED GTOS   5    4
                      NUMBER OF CLOSED SHELLS     3    1
                      OPEN SHELL OCCUPATION       0    3

  ZNUC SCFIT  TOTAL HF ENERGY   KINETIC ENERGY   VIRIAL THEOREM ACCURACY
  15.0  10   -3.407065374E+02  3.406804136E+02 -2.000076681E+00  3.8E-06

 AAAAAAAAAAAAAAAAAAAAAAAAAAAAAAAAAAAAAAAAAAAAAAAAAAAAAAAAAAAAAAAAAAAAAAAAAAAAAAA

 CHARGE NORMALIZATION FACTOR   1.00000000
 TOTAL ATOMIC CHARGES:
  15.0000000  15.0000000  15.0000000  15.0000000   0.0000000   0.0000000
   0.0000000   0.0000000
 TTTTTTTTTTTTTTTTTTTTTTTTTTTTTT MOQGAD      TELAPSE        0.42 TCPU        0.29
 TTTTTTTTTTTTTTTTTTTTTTTTTTTTTT SHELLXN     TELAPSE     1615.55 TCPU     1615.41
 TTTTTTTTTTTTTTTTTTTTTTTTTTTTTT MONMO3      TELAPSE     1766.47 TCPU     1766.33
 CYC   0 ETOT(AU) -1.364157559690E+03 DETOT -1.36E+03 tst  0.00E+00 PX  1.00E+00
 TTTTTTTTTTTTTTTTTTTTTTTTTTTTTT FDIK        TELAPSE     1768.95 TCPU     1768.80
 INSULATING STATE
 TOP OF VALENCE BANDS -    BAND     30; K    1; EIG -1.1146904E-01 AU
 BOTTOM OF VIRTUAL BANDS - BAND     31; K    1; EIG -5.9364805E-02 AU
 DIRECT ENERGY BAND GAP:   1.4178 eV
 TTTTTTTTTTTTTTTTTTTTTTTTTTTTTT PDIG        TELAPSE     1769.05 TCPU     1768.90
 CHARGE NORMALIZATION FACTOR   1.00000000
 TOTAL ATOMIC CHARGES:
  15.0177586  15.0229578  14.9617469  14.9660667   0.0154518   0.0153133
   0.0003472   0.0003577
 TTTTTTTTTTTTTTTTTTTTTTTTTTTTTT MOQGAD      TELAPSE     1769.07 TCPU     1768.93
 TTTTTTTTTTTTTTTTTTTTTTTTTTTTTT SHELLXN     TELAPSE     3428.83 TCPU     3428.68
 TTTTTTTTTTTTTTTTTTTTTTTTTTTTTT MONMO3      TELAPSE     3591.71 TCPU     3591.57
 CYC   1 ETOT(AU) -1.362965775799E+03 DETOT  1.19E+00 tst  0.00E+00 PX  1.00E+00
 TTTTTTTTTTTTTTTTTTTTTTTTTTTTTT FDIK        TELAPSE     3592.51 TCPU     3592.36
 INSULATING STATE
 TOP OF VALENCE BANDS -    BAND     30; K    1; EIG -1.8380315E-01 AU
 BOTTOM OF VIRTUAL BANDS - BAND     31; K    1; EIG -6.9414040E-02 AU
 DIRECT ENERGY BAND GAP:   3.1127 eV
 TTTTTTTTTTTTTTTTTTTTTTTTTTTTTT PDIG        TELAPSE     3592.61 TCPU     3592.46
 CHARGE NORMALIZATION FACTOR   1.00000000
 TOTAL ATOMIC CHARGES:
  15.0144803  15.0179299  14.9724566  14.9754817   0.0097409   0.0096163
   0.0001457   0.0001485
 TTTTTTTTTTTTTTTTTTTTTTTTTTTTTT MOQGAD      TELAPSE     3592.63 TCPU     3592.49
 TTTTTTTTTTTTTTTTTTTTTTTTTTTTTT SHELLXN     TELAPSE     5254.95 TCPU     5254.81
 TTTTTTTTTTTTTTTTTTTTTTTTTTTTTT MONMO3      TELAPSE     5417.07 TCPU     5416.92
 CYC   2 ETOT(AU) -1.362998905148E+03 DETOT -3.31E-02 tst  1.32E-03 PX  3.29E-02
 TTTTTTTTTTTTTTTTTTTTTTTTTTTTTT FDIK        TELAPSE     5417.88 TCPU     5417.73
 INSULATING STATE
 TOP OF VALENCE BANDS -    BAND     30; K    1; EIG -2.1707806E-01 AU
 BOTTOM OF VIRTUAL BANDS - BAND     31; K    1; EIG -5.9346691E-02 AU
 DIRECT ENERGY BAND GAP:   4.2921 eV
 TTTTTTTTTTTTTTTTTTTTTTTTTTTTTT PDIG        TELAPSE     5417.97 TCPU     5417.82
 CHARGE NORMALIZATION FACTOR   1.00000000
 TOTAL ATOMIC CHARGES:
  15.0062837  15.0094683  14.9821460  14.9856582   0.0082018   0.0080513
   0.0000943   0.0000964
 TTTTTTTTTTTTTTTTTTTTTTTTTTTTTT MOQGAD      TELAPSE     5418.00 TCPU     5417.85
 TTTTTTTTTTTTTTTTTTTTTTTTTTTTTT SHELLXN     TELAPSE     7086.20 TCPU     7086.05
 TTTTTTTTTTTTTTTTTTTTTTTTTTTTTT MONMO3      TELAPSE     7240.07 TCPU     7239.91
 CYC   3 ETOT(AU) -1.363010557407E+03 DETOT -1.17E-02 tst  3.65E-04 PX  1.42E-02
 ANDERSON MIX: BETA=  -4.499785161479E-01
 TTTTTTTTTTTTTTTTTTTTTTTTTTTTTT FDIK        TELAPSE     7240.82 TCPU     7240.66
 INSULATING STATE
 TOP OF VALENCE BANDS -    BAND     30; K    1; EIG -2.4375278E-01 AU
 BOTTOM OF VIRTUAL BANDS - BAND     31; K    1; EIG -4.2816805E-02 AU
 DIRECT ENERGY BAND GAP:   5.4677 eV
 TTTTTTTTTTTTTTTTTTTTTTTTTTTTTT PDIG        TELAPSE     7240.91 TCPU     7240.76
 CHARGE NORMALIZATION FACTOR   1.00000000
 TOTAL ATOMIC CHARGES:
  15.0081675  15.0113313  14.9813252  14.9852355   0.0070152   0.0068143
   0.0000543   0.0000569
 TTTTTTTTTTTTTTTTTTTTTTTTTTTTTT MOQGAD      TELAPSE     7240.94 TCPU     7240.79
 TTTTTTTTTTTTTTTTTTTTTTTTTTTTTT SHELLXN     TELAPSE     8910.09 TCPU     8909.93
 TTTTTTTTTTTTTTTTTTTTTTTTTTTTTT MONMO3      TELAPSE     9060.16 TCPU     9060.01
 CYC   4 ETOT(AU) -1.363018341314E+03 DETOT -7.78E-03 tst  3.51E-04 PX  1.01E-02
 ANDERSON MIX: BETA=  -5.627896057591E-01
 TTTTTTTTTTTTTTTTTTTTTTTTTTTTTT FDIK        TELAPSE     9060.92 TCPU     9060.76
 INSULATING STATE
 TOP OF VALENCE BANDS -    BAND     30; K    1; EIG -2.6072068E-01 AU
 BOTTOM OF VIRTUAL BANDS - BAND     31; K    1; EIG -2.7812091E-02 AU
 DIRECT ENERGY BAND GAP:   6.3378 eV
 TTTTTTTTTTTTTTTTTTTTTTTTTTTTTT PDIG        TELAPSE     9061.02 TCPU     9060.87
 CHARGE NORMALIZATION FACTOR   1.00000000
 TOTAL ATOMIC CHARGES:
  15.0031346  15.0061649  14.9868737  14.9911821   0.0064001   0.0061771
   0.0000329   0.0000346
 TTTTTTTTTTTTTTTTTTTTTTTTTTTTTT MOQGAD      TELAPSE     9061.07 TCPU     9060.91
 TTTTTTTTTTTTTTTTTTTTTTTTTTTTTT SHELLXN     TELAPSE    10753.40 TCPU    10753.24
 TTTTTTTTTTTTTTTTTTTTTTTTTTTTTT MONMO3      TELAPSE    10880.77 TCPU    10880.61
 CYC   5 ETOT(AU) -1.363022177030E+03 DETOT -3.84E-03 tst  2.45E-04 PX  9.69E-03
 ANDERSON MIX: BETA=  -1.628968087099E-01
 TTTTTTTTTTTTTTTTTTTTTTTTTTTTTT FDIK        TELAPSE    10881.60 TCPU    10881.44
 INSULATING STATE
 TOP OF VALENCE BANDS -    BAND     30; K    1; EIG -2.6463565E-01 AU
 BOTTOM OF VIRTUAL BANDS - BAND     31; K    1; EIG -2.2316926E-02 AU
 DIRECT ENERGY BAND GAP:   6.5938 eV
 TTTTTTTTTTTTTTTTTTTTTTTTTTTTTT PDIG        TELAPSE    10881.69 TCPU    10881.53
 CHARGE NORMALIZATION FACTOR   1.00000000
 TOTAL ATOMIC CHARGES:
  15.0052259  15.0080448  14.9853223  14.9893410   0.0061222   0.0058879
   0.0000270   0.0000289
 TTTTTTTTTTTTTTTTTTTTTTTTTTTTTT MOQGAD      TELAPSE    10881.72 TCPU    10881.56
 TTTTTTTTTTTTTTTTTTTTTTTTTTTTTT SHELLXN     TELAPSE    12553.74 TCPU    12553.58
 TTTTTTTTTTTTTTTTTTTTTTTTTTTTTT MONMO3      TELAPSE    12702.97 TCPU    12702.81
 CYC   6 ETOT(AU) -1.363023091732E+03 DETOT -9.15E-04 tst  4.31E-05 PX  5.10E-03
 ANDERSON MIX: BETA=   1.095260492360E-02
 TTTTTTTTTTTTTTTTTTTTTTTTTTTTTT FDIK        TELAPSE    12703.75 TCPU    12703.60
 INSULATING STATE
 TOP OF VALENCE BANDS -    BAND     30; K    1; EIG -2.6588444E-01 AU
 BOTTOM OF VIRTUAL BANDS - BAND     31; K    1; EIG -2.0570662E-02 AU
 DIRECT ENERGY BAND GAP:   6.6753 eV
 TTTTTTTTTTTTTTTTTTTTTTTTTTTTTT PDIG        TELAPSE    12703.85 TCPU    12703.69
 CHARGE NORMALIZATION FACTOR   1.00000000
 TOTAL ATOMIC CHARGES:
  15.0039288  15.0065820  14.9868323  14.9907305   0.0060541   0.0058185
   0.0000261   0.0000278
 TTTTTTTTTTTTTTTTTTTTTTTTTTTTTT MOQGAD      TELAPSE    12703.88 TCPU    12703.72
 TTTTTTTTTTTTTTTTTTTTTTTTTTTTTT SHELLXN     TELAPSE    14371.21 TCPU    14371.05
 TTTTTTTTTTTTTTTTTTTTTTTTTTTTTT MONMO3      TELAPSE    14527.25 TCPU    14527.09
 CYC   7 ETOT(AU) -1.363023395560E+03 DETOT -3.04E-04 tst  1.03E-05 PX  2.68E-03
 ANDERSON MIX: BETA=  -7.617019302388E-02
 TTTTTTTTTTTTTTTTTTTTTTTTTTTTTT FDIK        TELAPSE    14528.03 TCPU    14527.87
 INSULATING STATE
 TOP OF VALENCE BANDS -    BAND     30; K    1; EIG -2.6716643E-01 AU
 BOTTOM OF VIRTUAL BANDS - BAND     31; K    1; EIG -1.9159293E-02 AU
 DIRECT ENERGY BAND GAP:   6.7486 eV
 TTTTTTTTTTTTTTTTTTTTTTTTTTTTTT PDIG        TELAPSE    14528.13 TCPU    14527.98
 CHARGE NORMALIZATION FACTOR   1.00000000
 TOTAL ATOMIC CHARGES:
  15.0039980  15.0065353  14.9869599  14.9907642   0.0059662   0.0057268
   0.0000239   0.0000257
 TTTTTTTTTTTTTTTTTTTTTTTTTTTTTT MOQGAD      TELAPSE    14528.18 TCPU    14528.02
 TTTTTTTTTTTTTTTTTTTTTTTTTTTTTT SHELLXN     TELAPSE    16190.33 TCPU    16190.17
 TTTTTTTTTTTTTTTTTTTTTTTTTTTTTT MONMO3      TELAPSE    16352.30 TCPU    16352.14
 CYC   8 ETOT(AU) -1.363023592566E+03 DETOT -1.97E-04 tst  7.52E-06 PX  2.18E-03
 ANDERSON MIX: BETA=  -5.107482851031E-01
 TTTTTTTTTTTTTTTTTTTTTTTTTTTTTT FDIK        TELAPSE    16353.09 TCPU    16352.93
 INSULATING STATE
 TOP OF VALENCE BANDS -    BAND     30; K    1; EIG -2.6871776E-01 AU
 BOTTOM OF VIRTUAL BANDS - BAND     31; K    1; EIG -1.7780181E-02 AU
 DIRECT ENERGY BAND GAP:   6.8284 eV
 TTTTTTTTTTTTTTTTTTTTTTTTTTTTTT PDIG        TELAPSE    16353.18 TCPU    16353.02
 CHARGE NORMALIZATION FACTOR   1.00000000
 TOTAL ATOMIC CHARGES:
  15.0034711  15.0058881  14.9876748  14.9914047   0.0058803   0.0056363
   0.0000214   0.0000232
 TTTTTTTTTTTTTTTTTTTTTTTTTTTTTT MOQGAD      TELAPSE    16353.21 TCPU    16353.05
 TTTTTTTTTTTTTTTTTTTTTTTTTTTTTT SHELLXN     TELAPSE    18027.86 TCPU    18027.70
 TTTTTTTTTTTTTTTTTTTTTTTTTTTTTT MONMO3      TELAPSE    18173.42 TCPU    18173.25
 CYC   9 ETOT(AU) -1.363023746942E+03 DETOT -1.54E-04 tst  9.10E-06 PX  2.37E-03
 ANDERSON MIX: BETA=  -5.846434388278E-01
 TTTTTTTTTTTTTTTTTTTTTTTTTTTTTT FDIK        TELAPSE    18174.19 TCPU    18174.03
 INSULATING STATE
 TOP OF VALENCE BANDS -    BAND     30; K    1; EIG -2.7017099E-01 AU
 BOTTOM OF VIRTUAL BANDS - BAND     31; K    1; EIG -1.6653027E-02 AU
 DIRECT ENERGY BAND GAP:   6.8986 eV
 TTTTTTTTTTTTTTTTTTTTTTTTTTTTTT PDIG        TELAPSE    18174.28 TCPU    18174.12
 CHARGE NORMALIZATION FACTOR   1.00000000
 TOTAL ATOMIC CHARGES:
  15.0032960  15.0056008  14.9880321  14.9916884   0.0057947   0.0055481
   0.0000192   0.0000208
 TTTTTTTTTTTTTTTTTTTTTTTTTTTTTT MOQGAD      TELAPSE    18174.31 TCPU    18174.15
 TTTTTTTTTTTTTTTTTTTTTTTTTTTTTT SHELLXN     TELAPSE    19841.20 TCPU    19841.04
 TTTTTTTTTTTTTTTTTTTTTTTTTTTTTT MONMO3      TELAPSE    19997.15 TCPU    19996.99
 CYC  10 ETOT(AU) -1.363023828626E+03 DETOT -8.17E-05 tst  7.07E-06 PX  2.02E-03
 ANDERSON MIX: BETA=  -3.882525743001E-01
 TTTTTTTTTTTTTTTTTTTTTTTTTTTTTT FDIK        TELAPSE    19997.97 TCPU    19997.81
 INSULATING STATE
 TOP OF VALENCE BANDS -    BAND     30; K    1; EIG -2.7103625E-01 AU
 BOTTOM OF VIRTUAL BANDS - BAND     31; K    1; EIG -1.6098197E-02 AU
 DIRECT ENERGY BAND GAP:   6.9372 eV
 TTTTTTTTTTTTTTTTTTTTTTTTTTTTTT PDIG        TELAPSE    19998.06 TCPU    19997.90
 CHARGE NORMALIZATION FACTOR   1.00000000
 TOTAL ATOMIC CHARGES:
  15.0030319  15.0052574  14.9884161  14.9920060   0.0057482   0.0055025
   0.0000181   0.0000197
 TTTTTTTTTTTTTTTTTTTTTTTTTTTTTT MOQGAD      TELAPSE    19998.09 TCPU    19997.93
 TTTTTTTTTTTTTTTTTTTTTTTTTTTTTT SHELLXN     TELAPSE    21662.11 TCPU    21661.94
 TTTTTTTTTTTTTTTTTTTTTTTTTTTTTT MONMO3      TELAPSE    21819.37 TCPU    21819.20
 CYC  11 ETOT(AU) -1.363023853378E+03 DETOT -2.48E-05 tst  2.41E-06 PX  1.11E-03
 ANDERSON MIX: BETA=  -3.327665545096E-01
 TTTTTTTTTTTTTTTTTTTTTTTTTTTTTT FDIK        TELAPSE    21820.17 TCPU    21820.00
 INSULATING STATE
 TOP OF VALENCE BANDS -    BAND     30; K    1; EIG -2.7149231E-01 AU
 BOTTOM OF VIRTUAL BANDS - BAND     31; K    1; EIG -1.5839749E-02 AU
 DIRECT ENERGY BAND GAP:   6.9567 eV
 TTTTTTTTTTTTTTTTTTTTTTTTTTTTTT PDIG        TELAPSE    21820.26 TCPU    21820.09
 CHARGE NORMALIZATION FACTOR   1.00000000
 TOTAL ATOMIC CHARGES:
  15.0029871  15.0051651  14.9885305  14.9920811   0.0057222   0.0054775
   0.0000175   0.0000190
 TTTTTTTTTTTTTTTTTTTTTTTTTTTTTT MOQGAD      TELAPSE    21820.29 TCPU    21820.12
 TTTTTTTTTTTTTTTTTTTTTTTTTTTTTT SHELLXN     TELAPSE    23482.22 TCPU    23482.04
 TTTTTTTTTTTTTTTTTTTTTTTTTTTTTT MONMO3      TELAPSE    23642.58 TCPU    23642.40
 CYC  12 ETOT(AU) -1.363023860080E+03 DETOT -6.70E-06 tst  6.80E-07 PX  5.40E-04
 ANDERSON MIX: BETA=  -3.250666159281E-01
 TTTTTTTTTTTTTTTTTTTTTTTTTTTTTT FDIK        TELAPSE    23643.38 TCPU    23643.21
 INSULATING STATE
 TOP OF VALENCE BANDS -    BAND     30; K    1; EIG -2.7173689E-01 AU
 BOTTOM OF VIRTUAL BANDS - BAND     31; K    1; EIG -1.5722539E-02 AU
 DIRECT ENERGY BAND GAP:   6.9665 eV
 TTTTTTTTTTTTTTTTTTTTTTTTTTTTTT PDIG        TELAPSE    23643.47 TCPU    23643.30
 CHARGE NORMALIZATION FACTOR   1.00000000
 TOTAL ATOMIC CHARGES:
  15.0029042  15.0050583  14.9886486  14.9921773   0.0057102   0.0054656
   0.0000172   0.0000187
 TTTTTTTTTTTTTTTTTTTTTTTTTTTTTT MOQGAD      TELAPSE    23643.50 TCPU    23643.33
 TTTTTTTTTTTTTTTTTTTTTTTTTTTTTT SHELLXN     TELAPSE    25311.85 TCPU    25311.68
 TTTTTTTTTTTTTTTTTTTTTTTTTTTTTT MONMO3      TELAPSE    25465.14 TCPU    25464.97
 CYC  13 ETOT(AU) -1.363023862054E+03 DETOT -1.97E-06 tst  2.10E-07 PX  2.78E-04
 ANDERSON MIX: BETA=  -3.421296455048E-01
 TTTTTTTTTTTTTTTTTTTTTTTTTTTTTT FDIK        TELAPSE    25465.94 TCPU    25465.77
 INSULATING STATE
 TOP OF VALENCE BANDS -    BAND     30; K    1; EIG -2.7187678E-01 AU
 BOTTOM OF VIRTUAL BANDS - BAND     31; K    1; EIG -1.5656405E-02 AU
 DIRECT ENERGY BAND GAP:   6.9721 eV
 TTTTTTTTTTTTTTTTTTTTTTTTTTTTTT PDIG        TELAPSE    25466.03 TCPU    25465.86
 CHARGE NORMALIZATION FACTOR   1.00000000
 TOTAL ATOMIC CHARGES:
  15.0028916  15.0050273  14.9886863  14.9921989   0.0057023   0.0054582
   0.0000169   0.0000184
 TTTTTTTTTTTTTTTTTTTTTTTTTTTTTT MOQGAD      TELAPSE    25466.06 TCPU    25465.89
 TTTTTTTTTTTTTTTTTTTTTTTTTTTTTT SHELLXN     TELAPSE    27127.05 TCPU    27126.87
 TTTTTTTTTTTTTTTTTTTTTTTTTTTTTT MONMO3      TELAPSE    27289.68 TCPU    27289.51
 CYC  14 ETOT(AU) -1.363023862707E+03 DETOT -6.52E-07 tst  7.61E-08 PX  1.54E-04
 ANDERSON MIX: BETA=  -3.350651029585E-01
 TTTTTTTTTTTTTTTTTTTTTTTTTTTTTT FDIK        TELAPSE    27290.78 TCPU    27290.60
 INSULATING STATE
 TOP OF VALENCE BANDS -    BAND     30; K    1; EIG -2.7195682E-01 AU
 BOTTOM OF VIRTUAL BANDS - BAND     31; K    1; EIG -1.5620627E-02 AU
 DIRECT ENERGY BAND GAP:   6.9753 eV
 TTTTTTTTTTTTTTTTTTTTTTTTTTTTTT PDIG        TELAPSE    27290.90 TCPU    27290.72
 CHARGE NORMALIZATION FACTOR   1.00000000
 TOTAL ATOMIC CHARGES:
  15.0028665  15.0049891  14.9887268  14.9922300   0.0056982   0.0054544
   0.0000168   0.0000183
 TTTTTTTTTTTTTTTTTTTTTTTTTTTTTT MOQGAD      TELAPSE    27290.94 TCPU    27290.76
 TTTTTTTTTTTTTTTTTTTTTTTTTTTTTT SHELLXN     TELAPSE    28967.03 TCPU    28966.85

 ::: DIPOLE MOMENT ALONG NON PERIODIC DIRECTIONS:
 ::: A.U.     (Z) -2.65251E-02
 ::: DEBYE         6.74202E-02

 +++ ENERGIES IN A.U. +++
 ::: EXT EL-POLE                                  -2.2132222797306E+03
 ::: EXT EL-SPHEROPOLE                             0.0000000000000E+00
 ::: BIELET ZONE E-E                               1.9764924675879E+03
 ::: TOTAL E-E                                    -2.3672981214271E+02
 ::: TOTAL E-N + N-E                              -1.7318624489986E+03
 ::: TOTAL N-N                                    -7.5745567044180E+02
 ::: KINETIC ENERGY                                1.3630240686577E+03
 ::: TOTAL   ENERGY                               -1.3630238629253E+03
 ::: VIRIAL COEFFICIENT                            1.0000000754691E+00
 TTTTTTTTTTTTTTTTTTTTTTTTTTTTTT MONMO3      TELAPSE    29113.99 TCPU    29113.81
 CYC  15 ETOT(AU) -1.363023862925E+03 DETOT -2.19E-07 tst  2.83E-08 PX  1.54E-04

 == SCF ENDED - CONVERGENCE ON ENERGY      E(AU) -1.3630238629253E+03 CYCLES  15

 TOTAL ENERGY(HF)(AU)(  15) -1.3630238629253E+03 DE-2.2E-07 tst 2.8E-08 PX 1.5E-04
 EIGENVECTORS IN FORTRAN UNIT 10
 TTTTTTTTTTTTTTTTTTTTTTTTTTTTTT END         TELAPSE    29115.18 TCPU    29114.98
 EEEEEEEEEE TERMINATION  DATE 09 12 2017 TIME 11:28:08.5
NODE    0 CPU TIME =     29114.982
NODE    1 CPU TIME =     29114.997
NODE    2 CPU TIME =     29114.934
NODE    3 CPU TIME =     29114.925
NODE    4 CPU TIME =     29114.955
NODE    5 CPU TIME =     29114.968
NODE    6 CPU TIME =     29114.933
NODE    7 CPU TIME =     29114.934
NODE    8 CPU TIME =     29114.943
NODE    9 CPU TIME =     29114.877
NODE   10 CPU TIME =     29114.922
NODE   11 CPU TIME =     29114.930
NODE   12 CPU TIME =     29114.943
NODE   13 CPU TIME =     29114.901
    TOTAL CPU TIME =    407609.144
