 PROCESS            0  OF           14  WORKING
 PROCESS            1  OF           14  WORKING
 PROCESS            3  OF           14  WORKING
 PROCESS            4  OF           14  WORKING
 PROCESS            5  OF           14  WORKING
 PROCESS            6  OF           14  WORKING
 PROCESS            7  OF           14  WORKING
 PROCESS            9  OF           14  WORKING
 PROCESS           10  OF           14  WORKING
 PROCESS           11  OF           14  WORKING
 PROCESS           12  OF           14  WORKING
 PROCESS           13  OF           14  WORKING
 PROCESS            8  OF           14  WORKING
 PROCESS            2  OF           14  WORKING

         
 *******************************************************************************
 *                                                                             *
 *                               CRYSTAL14                                     *
 *                      public : 1.0.2 - Feb 23rd, 2013                        *
 *                       HTTP://WWW.CRYSTAL.UNITO.IT                           *
 *                                                                             *
 *                              MAIN AUTHORS                                   *
 *                                                                             *
 *  R. DOVESI(1,11), V.R. SAUNDERS(2), C. ROETTI(1,11), R. ORLANDO(1,11),      *
 *  C.M. ZICOVICH-WILSON(1,3), F. PASCALE(4), B. CIVALLERI(1,11),              *
 *  K. DOLL(5), N.M. HARRISON(2,6), I. J. BUSH(7), Ph. D'ARCO(8),              *
 *  M. LLUNELL(9), M. CAUSA'(10), Y. NOEL(8)                                   *
 *                                                                             *
 *        CONTRIBUTIONS TO THE CURRENT RELEASE HAVE BEEN GIVEN BY              *
 *                                                                             *
 *  L. MASCHIO(1,11), S. CASASSA(1,11), A. ERBA(1,11), M. FERRABONE(1,11),     *
 *  M. DE LA PIERRE(1,11), M. FERRERO(1,11), V. LACIVITA(1,11),                *
 *  J. BAIMA(1,11), E. ALBANESE(1,11), M.F. PEINTINGER(12), R. BAST(13),       *
 *  M. RERAT(14), B. KIRTMAN(15), R. DEMICHELIS(1,16)                          *
 *                                                                             *
 * (1) THEORETICAL CHEMISTRY GROUP - UNIVERSITA' DI TORINO - TORINO (ITALY)    *
 *     http://www.crystal.unito.it                                             *
 * (2) COMPUTATIONAL SCIENCE & ENGINEERING DEPARTMENT - STFC DARESBURY (UK)    *
 *     http://www.stfc.ac.uk/CSE/randd/cmg/CRYSTAL/25806.aspx                  *
 * (3) UNIVERSIDAD AUTONOMA DEL ESTADO DE MORELOS - CUERNAVACA (MEXICO)        *
 * (4) UNIVERSITE' DE LORRAINE - NANCY (FRANCE)                                *
 * (5) UNIVERSITAET ULM - ULM (GERMANY); (6) IMPERIAL COLLEGE - LONDON (UK)    *
 * (7) NAG - OXFORD (UK); (8) UPMC - SORBONNE UNIVERSITES - PARIS (FRANCE)     *
 * (9) UNIVERSIDAD DE BARCELONA - BARCELONA (SPAIN)                            *
 *(10) UNIVERSITA' DI NAPOLI "FEDERICO II" - NAPOLI (ITALY)                    *
 *(11) NIS - NANOSTRUCTURED INTERFACES AND SURFACES - TORINO (ITALY)           *
 *(12) MPI FUER CHEMISCHE ENERGIEKONVERSION - MUELHEIM AN DER RUHR (GERMANY)   *
 *(13) UNIVERSITY OF STOCKHOLM - STOCKHOLM (SWEDEN)                            *
 *(14) UNIVERSITE' DE PAU ET DES PAYS DE L'ADOUR - PAU (FRANCE)                *
 *(15) UNIVERSITY OF CALIFORNIA SANTA BARBARA - SANTA BARBARA (USA)            *
 *(16) CURTIN UNIVERSITY - PERTH (AUSTRALIA)                                   *
 *                                                                             *
 ********************************************************************************
 EEEEEEEEEE STARTING  DATE 08 12 2017 TIME 18:02:12.3
 black p                                                                         

 SLAB CALCULATION
 SYSTEM AND LATTICE                   :  OBLIQUE     
 TWO-SIDED PLANE GROUP N.  1          :  P 1             
 CORRESPONDING SPACE GROUP N.   1

 LATTICE PARAMETERS  (ANGSTROMS AND DEGREES) - CONVENTIONAL CELL
           A              B            GAMMA
        3.29400        4.46279       90.00190


 NUMBER OF IRREDUCIBLE ATOMS IN THE CONVENTIONAL CELL:    8

 INPUT COORDINATES

 ATOM AT. N.              COORDINATES
   1  15    -2.500019207010E-01 -4.209460829187E-01  3.632461643661E+00
   2  15     2.500101901927E-01 -9.421278815670E-02  3.641530001473E+00
   3  15     2.500000000000E-01  7.863000000000E-02  1.550000000000E+00
   4  15    -2.499815187864E-01  4.061106153149E-01  1.538708898854E+00
   5  15     2.500000000000E-01 -4.213700000000E-01 -1.550000000000E+00
   6  15    -2.499864188737E-01 -9.387379184557E-02 -1.539124057504E+00
   7  15    -2.499980772885E-01  7.907174242089E-02 -3.632901395412E+00
   8  15     2.500185232964E-01  4.058118423740E-01 -3.641552477004E+00

 *******************************************************************************

 << INFORMATION >>: FROM NOW ON, ALL COORDINATES REFER TO THE PRIMITIVE CELL

 *******************************************************************************

 LATTICE PARAMETERS  (ANGSTROMS AND DEGREES) - PRIMITIVE CELL
       A          B          C        ALPHA      BETA     GAMMA        VOLUME
    3.29400    4.46279  500.00000    90.00000  90.00000  90.00190     14.700433

 COORDINATES OF THE EQUIVALENT ATOMS 
 (X AND Y IN FRACTIONARY UNITS, Z IN ANGSTROMS)

 N. ATOM EQUIV AT. N.          X                  Y                  Z

   1   1   1   15 P    -2.50001920701E-01 -4.20946082919E-01  3.63246164366E+00

   2   2   1   15 P     2.50010190193E-01 -9.42127881567E-02  3.64153000147E+00

   3   3   1   15 P     2.50000000000E-01  7.86300000000E-02  1.55000000000E+00

   4   4   1   15 P    -2.49981518786E-01  4.06110615315E-01  1.53870889885E+00

   5   5   1   15 P     2.50000000000E-01 -4.21370000000E-01 -1.55000000000E+00

   6   6   1   15 P    -2.49986418874E-01 -9.38737918456E-02 -1.53912405750E+00

   7   7   1   15 P    -2.49998077288E-01  7.90717424209E-02 -3.63290139541E+00

   8   8   1   15 P     2.50018523296E-01  4.05811842374E-01 -3.64155247700E+00

 NUMBER OF SYMMETRY OPERATORS         :    1
 *******************************************************************************
 * GEOMETRY EDITING - INPUT COORDINATES ARE GIVEN IN ANGSTROM         
 *******************************************************************************

 GCALCO - MAX INDICES DIRECT LATTICE VECTOR    97    71     0
 NO.OF VECTORS CREATED 6999 STARS 3500 RMAX   341.98753 BOHR

 GEOMETRY FOR WAVE FUNCTION - DIMENSIONALITY OF THE SYSTEM    2
 (NON PERIODIC DIRECTION: LATTICE PARAMETER FORMALLY SET TO 500)
 *******************************************************************************
 LATTICE PARAMETERS (ANGSTROMS AND DEGREES) - BOHR = 0.5291772083 ANGSTROM
 PRIMITIVE CELL
         A              B              C           ALPHA      BETA       GAMMA 
     3.29400428     4.46278516   500.00000000    90.000000  90.000000  90.001902
 *******************************************************************************
 ATOMS IN THE ASYMMETRIC UNIT    8 - ATOMS IN THE UNIT CELL:    8
     ATOM                 X/A                 Y/B             Z(ANGSTROM)
 *******************************************************************************
      1 T  15 P    -2.500019207010E-01 -4.209460829187E-01  3.632461643661E+00
      2 T  15 P     2.500101901927E-01 -9.421278815670E-02  3.641530001473E+00
      3 T  15 P     2.500000000000E-01  7.863000000000E-02  1.550000000000E+00
      4 T  15 P    -2.499815187864E-01  4.061106153149E-01  1.538708898854E+00
      5 T  15 P     2.500000000000E-01 -4.213700000000E-01 -1.550000000000E+00
      6 T  15 P    -2.499864188737E-01 -9.387379184557E-02 -1.539124057504E+00
      7 T  15 P    -2.499980772885E-01  7.907174242089E-02 -3.632901395412E+00
      8 T  15 P     2.500185232964E-01  4.058118423740E-01 -3.641552477004E+00

 T = ATOM BELONGING TO THE ASYMMETRIC UNIT

 ****    1 SYMMOPS - TRANSLATORS IN FRACTIONAL UNITS
 **** MATRICES AND TRANSLATORS IN THE CRYSTALLOGRAPHIC REFERENCE FRAME
   V INV                    ROTATION MATRICES                   TRANSLATORS
   1   1  1.00 -0.00  0.00  0.00  1.00  0.00  0.00 -0.00  1.00  0.00  0.00  0.00

 DIRECT LATTICE VECTORS CARTESIAN COMPONENTS (ANGSTROM)
          X                    Y                    Z
   0.329400427819E+01  -0.109348300916E-03   0.000000000000E+00
   0.000000000000E+00   0.446278516000E+01   0.000000000000E+00
   0.000000000000E+00   0.000000000000E+00   0.500000000000E+03


 CARTESIAN COORDINATES - PRIMITIVE CELL
 *******************************************************************************
 *      ATOM          X(ANGSTROM)         Y(ANGSTROM)         Z(ANGSTROM)
 *******************************************************************************
    1    15 P    -8.235073963436E-01 -1.878564594724E+00  3.632461643661E+00
    2    15 P     8.235346360846E-01 -4.204787710575E-01  3.641530001473E+00
    3    15 P     8.235010695463E-01  3.508814600556E-01  1.550000000000E+00
    4    15 P    -8.234401923496E-01  1.812411762400E+00  1.538708898854E+00
    5    15 P     8.235010695463E-01 -1.880511119944E+00 -1.550000000000E+00
    6    15 P    -8.234563332581E-01 -4.189112295712E-01 -1.539124057504E+00
    7    15 P    -8.234947361264E-01  3.529075355163E-01 -3.632901395412E+00
    8    15 P     8.235620853638E-01  1.811023728798E+00 -3.641552477004E+00

 *******************************************************************************
 LOCAL ATOMIC FUNCTIONS BASIS SET
 *******************************************************************************
   ATOM   X(AU)   Y(AU)   Z(AU)  N. TYPE  EXPONENT  S COEF   P COEF   D/F/G COEF
 *******************************************************************************
   1 P   -1.556  -3.550   6.864
                                  1 S  
                                         5.243E+04 5.521E-04 0.000E+00 0.000E+00
                                         7.863E+03 4.268E-03 0.000E+00 0.000E+00
                                         1.790E+03 2.193E-02 0.000E+00 0.000E+00
                                         5.063E+02 8.567E-02 0.000E+00 0.000E+00
                                         1.646E+02 2.484E-01 0.000E+00 0.000E+00
                                         5.839E+01 4.634E-01 0.000E+00 0.000E+00
                                         2.164E+01 3.535E-01 0.000E+00 0.000E+00
                                  2 S  
                                         9.901E+01 2.190E-02 0.000E+00 0.000E+00
                                         3.055E+01 9.565E-02 0.000E+00 0.000E+00
                                         5.454E+00-2.945E-01 0.000E+00 0.000E+00
                                  3 S  
                                         2.648E+00 1.329E+00 0.000E+00 0.000E+00
                                         1.274E+00 6.611E-01 0.000E+00 0.000E+00
                           4-     7 SP 
                                         3.500E-01 1.000E+00 1.000E+00 0.000E+00
                           8-    11 SP 
                                         1.300E-01 1.000E+00 1.000E+00 0.000E+00
                          12-    14 P  
                                         4.723E+02 0.000E+00 2.571E-03 0.000E+00
                                         1.116E+02 0.000E+00 2.025E-02 0.000E+00
                                         3.545E+01 0.000E+00 9.158E-02 0.000E+00
                                         1.299E+01 0.000E+00 2.575E-01 0.000E+00
                                         5.049E+00 0.000E+00 4.286E-01 0.000E+00
                                         1.993E+00 0.000E+00 3.436E-01 0.000E+00
                          15-    17 P  
                                         6.964E-01 0.000E+00 1.000E+00 0.000E+00
                          18-    22 D  
                                         3.120E+00 0.000E+00 0.000E+00 2.000E-01
                                         6.480E-01 0.000E+00 0.000E+00 1.000E+00
                          23-    27 D  
                                         2.180E-01 0.000E+00 0.000E+00 1.000E+00
                          28-    34 F  
                                         4.520E-01 0.000E+00 0.000E+00 1.000E+00
   2 P    1.556  -0.795   6.881
   3 P    1.556   0.663   2.929
   4 P   -1.556   3.425   2.908
   5 P    1.556  -3.554  -2.929
   6 P   -1.556  -0.792  -2.909
   7 P   -1.556   0.667  -6.865
   8 P    1.556   3.422  -6.882
 INFORMATION **** SET_MPP **** PCRYSTAL CALCULATION
 INFORMATION **** READM2 **** NEW DEFAULT: FOCK/KS MATRIX MIXING SET TO 30 %
 INFORMATION **** READM2 **** NEW DEFAULT: FULL DIRECT SCF MODE
 INFORMATION **** READM2 **** NEW DEFAULT: COULOMB BIPOLAR BUFFER SET TO 32 Mb
 INFORMATION **** READM2 **** NEW DEFAULT: EXCHANGE BIPOLAR BUFFER SET TO 32 Mb
 INFORMATION **** TOLINTEG **** COULOMB AND EXCHANGE SERIES TOLERANCES MODIFIED
 INFORMATION **** MAXCYCLE **** MAX NUMBER OF SCF CYCLES SET TO          60
 INFORMATION **** EXCHSIZE **** EXCHANGE BIPOLAR BUFFER SIZE SET TO    30000000
 INFORMATION **** BIPOSIZE **** COULOMB BIPOLAR BUFFER SET TO    30000000
 *******************************************************************************
 N. OF ATOMS PER CELL         8  COULOMB OVERLAP TOL         (T1) 10**  -15
 NUMBER OF SHELLS            80  COULOMB PENETRATION TOL     (T2) 10**  -15
 NUMBER OF AO               272  EXCHANGE OVERLAP TOL        (T3) 10**  -15
 N. OF ELECTRONS PER CELL   120  EXCHANGE PSEUDO OVP (F(G))  (T4) 10**  -25
 CORE ELECTRONS PER CELL     80  EXCHANGE PSEUDO OVP (P(G))  (T5) 10**  -75
 N. OF SYMMETRY OPERATORS     1  POLE ORDER IN MONO ZONE                  4
 *******************************************************************************
 TYPE OF CALCULATION :  RESTRICTED CLOSED SHELL
 HARTREE-FOCK HAMILTONIAN

 CAPPA:IS1 12;IS2 12;IS3  1; K PTS MONK NET  74; SYMMOPS:K SPACE   2;G SPACE   1

 *******************************************************************************
 MAX NUMBER OF SCF CYCLES      60  CONVERGENCE ON DELTAP        10**-16
 WEIGHT OF F(I) IN F(I+1)      60% CONVERGENCE ON ENERGY        10**- 6
 SHRINK. FACT.(MONKH.)   12 12  1  NUMBER OF K POINTS IN THE IBZ     74
 SHRINKING FACTOR(GILAT NET)   12  NUMBER OF K POINTS(GILAT NET)     74
 *******************************************************************************
 *** K POINTS COORDINATES (OBLIQUE COORDINATES IN UNITS OF IS = 12)
   1-R(  0  0  0)   2-C(  1  0  0)   3-C(  2  0  0)   4-C(  3  0  0)
   5-C(  4  0  0)   6-C(  5  0  0)   7-R(  6  0  0)   8-C(  0  1  0)
   9-C(  1  1  0)  10-C(  2  1  0)  11-C(  3  1  0)  12-C(  4  1  0)
  13-C(  5  1  0)  14-C(  6  1  0)  15-C(  7  1  0)  16-C(  8  1  0)
  17-C(  9  1  0)  18-C( 10  1  0)  19-C( 11  1  0)  20-C(  0  2  0)
  21-C(  1  2  0)  22-C(  2  2  0)  23-C(  3  2  0)  24-C(  4  2  0)
  25-C(  5  2  0)  26-C(  6  2  0)  27-C(  7  2  0)  28-C(  8  2  0)
  29-C(  9  2  0)  30-C( 10  2  0)  31-C( 11  2  0)  32-C(  0  3  0)
  33-C(  1  3  0)  34-C(  2  3  0)  35-C(  3  3  0)  36-C(  4  3  0)
  37-C(  5  3  0)  38-C(  6  3  0)  39-C(  7  3  0)  40-C(  8  3  0)
  41-C(  9  3  0)  42-C( 10  3  0)  43-C( 11  3  0)  44-C(  0  4  0)
  45-C(  1  4  0)  46-C(  2  4  0)  47-C(  3  4  0)  48-C(  4  4  0)
  49-C(  5  4  0)  50-C(  6  4  0)  51-C(  7  4  0)  52-C(  8  4  0)
  53-C(  9  4  0)  54-C( 10  4  0)  55-C( 11  4  0)  56-C(  0  5  0)
  57-C(  1  5  0)  58-C(  2  5  0)  59-C(  3  5  0)  60-C(  4  5  0)
  61-C(  5  5  0)  62-C(  6  5  0)  63-C(  7  5  0)  64-C(  8  5  0)
  65-C(  9  5  0)  66-C( 10  5  0)  67-C( 11  5  0)  68-R(  0  6  0)
  69-C(  1  6  0)  70-C(  2  6  0)  71-C(  3  6  0)  72-C(  4  6  0)
  73-C(  5  6  0)  74-R(  6  6  0)

 DIRECT LATTICE VECTORS COMPON. (A.U.)     RECIP. LATTICE VECTORS COMPON. (A.U.) 
        X            Y            Z              X            Y            Z
    6.2247660   -0.0002066    0.0000000      1.0093850    0.0000000    0.0000000
    0.0000000    8.4334417    0.0000000      0.0000247    0.7450322    0.0000000
    0.0000000    0.0000000  944.8630670      0.0000000    0.0000000    0.0066498

 DISK SPACE FOR EIGENVECTORS (FTN 10)    10653696 REALS

 SYMMETRY ADAPTION OF THE BLOCH FUNCTIONS DISABLED
 TTTTTTTTTTTTTTTTTTTTTTTTTTTTTT gordsh1     TELAPSE        0.01 TCPU        0.01

 MATRIX SIZE: P(G) 4034896, F(G)  595816, P(G) IRR 2054600, F(G) IRR  605488
 MAX G-VECTOR INDEX FOR 1- AND 2-ELECTRON INTEGRALS 195

 TTTTTTTTTTTTTTTTTTTTTTTTTTTTTT INPUT       TELAPSE        0.02 TCPU        0.01

 NEIGHBORS OF THE NON-EQUIVALENT ATOMS

 N = NUMBER OF NEIGHBORS AT DISTANCE R
    ATOM  N     R/ANG      R/AU   NEIGHBORS (ATOM LABELS AND CELL INDICES)
   1 P    1     2.1997     4.1569    2 P    0 0 0
   1 P    1     2.1997     4.1569    2 P   -1 0 0
   1 P    1     2.2315     4.2169    4 P    0-1 0
   1 P    2     3.2940     6.2248    1 P   -1 0 0    1 P    1 0 0
   1 P    1     3.4264     6.4749    2 P   -1-1 0
   1 P    1     3.4265     6.4752    2 P    0-1 0

   2 P    1     2.1997     4.1569    1 P    0 0 0
   2 P    1     2.1997     4.1569    1 P    1 0 0
   2 P    1     2.2292     4.2126    3 P    0 0 0
   2 P    2     3.2940     6.2248    2 P   -1 0 0    2 P    1 0 0
   2 P    1     3.4264     6.4749    1 P    1 1 0
   2 P    1     3.4265     6.4752    1 P    0 1 0

   3 P    1     2.2020     4.1611    4 P    0 0 0
   3 P    1     2.2020     4.1611    4 P    1 0 0
   3 P    1     2.2292     4.2126    2 P    0 0 0
   3 P    2     3.2940     6.2248    3 P   -1 0 0    3 P    1 0 0
   3 P    1     3.4235     6.4694    4 P    0-1 0
   3 P    1     3.4236     6.4697    4 P    1-1 0

   4 P    1     2.2020     4.1611    3 P    0 0 0
   4 P    1     2.2020     4.1611    3 P   -1 0 0
   4 P    1     2.2315     4.2169    1 P    0 1 0
   4 P    2     3.2940     6.2248    4 P   -1 0 0    4 P    1 0 0
   4 P    1     3.4235     6.4694    3 P    0 1 0
   4 P    1     3.4236     6.4697    3 P   -1 1 0

   5 P    1     2.2020     4.1612    6 P    1 0 0
   5 P    1     2.2020     4.1612    6 P    0 0 0
   5 P    1     2.2292     4.2126    8 P    0-1 0
   5 P    2     3.2940     6.2248    5 P   -1 0 0    5 P    1 0 0
   5 P    1     3.4234     6.4693    6 P    0-1 0
   5 P    1     3.4235     6.4696    6 P    1-1 0

   6 P    1     2.2020     4.1612    5 P   -1 0 0
   6 P    1     2.2020     4.1612    5 P    0 0 0
   6 P    1     2.2315     4.2169    7 P    0 0 0
   6 P    2     3.2940     6.2248    6 P   -1 0 0    6 P    1 0 0
   6 P    1     3.4234     6.4693    5 P    0 1 0
   6 P    1     3.4235     6.4696    5 P   -1 1 0

   7 P    1     2.1998     4.1569    8 P   -1 0 0
   7 P    1     2.1998     4.1570    8 P    0 0 0
   7 P    1     2.2315     4.2169    6 P    0 0 0
   7 P    2     3.2940     6.2248    7 P   -1 0 0    7 P    1 0 0
   7 P    1     3.4264     6.4749    8 P   -1-1 0
   7 P    1     3.4265     6.4751    8 P    0-1 0

   8 P    1     2.1998     4.1569    7 P    1 0 0
   8 P    1     2.1998     4.1570    7 P    0 0 0
   8 P    1     2.2292     4.2126    5 P    0 1 0
   8 P    2     3.2940     6.2248    8 P   -1 0 0    8 P    1 0 0
   8 P    1     3.4264     6.4749    7 P    1 1 0
   8 P    1     3.4265     6.4751    7 P    0 1 0


 SYMMETRY ALLOWED INTERNAL DEGREE(S) OF FREEDOM:  21
 TTTTTTTTTTTTTTTTTTTTTTTTTTTTTT SYMM        TELAPSE        0.02 TCPU        0.01
 TTTTTTTTTTTTTTTTTTTTTTTTTTTTTT INT_SCREEN  TELAPSE        0.02 TCPU        0.02
 INFORMATION **** EXCBUF **** EXCH. BIPO BUFFER: WORDS USED =     6038568
 TTTTTTTTTTTTTTTTTTTTTTTTTTTTTT INT_CALC    TELAPSE        0.11 TCPU        0.11
 EEEEEEEEEE INT_CALC TERMINATION  DATE 08 12 2017 TIME 18:02:12.4

 *******************************************************************************
 black p                                                                         
 CRYSTAL - SCF - TYPE OF CALCULATION :  RESTRICTED CLOSED SHELL
 *******************************************************************************

 CAPPA:IS1 12;IS2 12;IS3  1; K PTS MONK NET  74; SYMMOPS:K SPACE   2;G SPACE   1

 TTTTTTTTTTTTTTTTTTTTTTTTTTTTTT SDIK        TELAPSE        0.23 TCPU        0.22

 AAAAAAAAAAAAAAAAAAAAAAAAAAAAAAAAAAAAAAAAAAAAAAAAAAAAAAAAAAAAAAAAAAAAAAAAAAAAAAA
         ATOMIC WAVEFUNCTION(S)


 NUCLEAR CHARGE 15.0  SYMMETRY SPECIES            S    P
 N. ELECTRONS   15.0  NUMBER OF PRIMITIVE GTOS   14    9
                      NUMBER OF CONTRACTED GTOS   5    4
                      NUMBER OF CLOSED SHELLS     3    1
                      OPEN SHELL OCCUPATION       0    3

  ZNUC SCFIT  TOTAL HF ENERGY   KINETIC ENERGY   VIRIAL THEOREM ACCURACY
  15.0  10   -3.407065374E+02  3.406804136E+02 -2.000076681E+00  3.8E-06

 AAAAAAAAAAAAAAAAAAAAAAAAAAAAAAAAAAAAAAAAAAAAAAAAAAAAAAAAAAAAAAAAAAAAAAAAAAAAAAA

 CHARGE NORMALIZATION FACTOR   1.00000000
 TOTAL ATOMIC CHARGES:
  15.0000000  15.0000000  15.0000000  15.0000000  15.0000000  15.0000000
  15.0000000  15.0000000
 TTTTTTTTTTTTTTTTTTTTTTTTTTTTTT MOQGAD      TELAPSE        0.28 TCPU        0.27
 TTTTTTTTTTTTTTTTTTTTTTTTTTTTTT SHELLXN     TELAPSE     1606.93 TCPU     1606.73
 TTTTTTTTTTTTTTTTTTTTTTTTTTTTTT MONMO3      TELAPSE     1757.25 TCPU     1757.03
 CYC   0 ETOT(AU) -2.728373958192E+03 DETOT -2.73E+03 tst  0.00E+00 PX  1.00E+00
 TTTTTTTTTTTTTTTTTTTTTTTTTTTTTT FDIK        TELAPSE     1760.90 TCPU     1760.68
 INSULATING STATE
 TOP OF VALENCE BANDS -    BAND     60; K    1; EIG -8.4351665E-02 AU
 BOTTOM OF VIRTUAL BANDS - BAND     61; K    1; EIG -5.3375542E-02 AU
 DIRECT ENERGY BAND GAP:   0.8429 eV
 TTTTTTTTTTTTTTTTTTTTTTTTTTTTTT PDIG        TELAPSE     1761.09 TCPU     1760.87
 CHARGE NORMALIZATION FACTOR   1.00000000
 TOTAL ATOMIC CHARGES:
  15.0295529  15.0347421  14.9658692  14.9698318  14.9659258  14.9697832
  15.0296475  15.0346476
 TTTTTTTTTTTTTTTTTTTTTTTTTTTTTT MOQGAD      TELAPSE     1761.13 TCPU     1760.90
 TTTTTTTTTTTTTTTTTTTTTTTTTTTTTT SHELLXN     TELAPSE     3419.24 TCPU     3418.85
 TTTTTTTTTTTTTTTTTTTTTTTTTTTTTT MONMO3      TELAPSE     3571.83 TCPU     3571.42
 CYC   1 ETOT(AU) -2.725920685696E+03 DETOT  2.45E+00 tst  0.00E+00 PX  1.00E+00
 TTTTTTTTTTTTTTTTTTTTTTTTTTTTTT FDIK        TELAPSE     3572.56 TCPU     3572.16
 INSULATING STATE
 TOP OF VALENCE BANDS -    BAND     60; K    1; EIG -1.6174809E-01 AU
 BOTTOM OF VIRTUAL BANDS - BAND     61; K    1; EIG -7.1502407E-02 AU
 DIRECT ENERGY BAND GAP:   2.4557 eV
 TTTTTTTTTTTTTTTTTTTTTTTTTTTTTT PDIG        TELAPSE     3572.68 TCPU     3572.28
 CHARGE NORMALIZATION FACTOR   1.00000000
 TOTAL ATOMIC CHARGES:
  14.9981730  15.0014399  14.9982981  15.0020871  14.9983572  15.0020361
  14.9982014  15.0014071
 TTTTTTTTTTTTTTTTTTTTTTTTTTTTTT MOQGAD      TELAPSE     3572.71 TCPU     3572.31
 TTTTTTTTTTTTTTTTTTTTTTTTTTTTTT SHELLXN     TELAPSE     5230.80 TCPU     5230.23
 TTTTTTTTTTTTTTTTTTTTTTTTTTTTTT MONMO3      TELAPSE     5383.42 TCPU     5382.84
 CYC   2 ETOT(AU) -2.725984358729E+03 DETOT -6.37E-02 tst  2.17E-03 PX  5.03E-02
 TTTTTTTTTTTTTTTTTTTTTTTTTTTTTT FDIK        TELAPSE     5384.15 TCPU     5383.57
 INSULATING STATE
 TOP OF VALENCE BANDS -    BAND     60; K    1; EIG -1.8817517E-01 AU
 BOTTOM OF VIRTUAL BANDS - BAND     61; K    1; EIG -5.3864221E-02 AU
 DIRECT ENERGY BAND GAP:   3.6548 eV
 TTTTTTTTTTTTTTTTTTTTTTTTTTTTTT PDIG        TELAPSE     5384.27 TCPU     5383.70
 CHARGE NORMALIZATION FACTOR   1.00000000
 TOTAL ATOMIC CHARGES:
  15.0105793  15.0137639  14.9859570  14.9896990  14.9860347  14.9896036
  15.0106483  15.0137141
 TTTTTTTTTTTTTTTTTTTTTTTTTTTTTT MOQGAD      TELAPSE     5384.30 TCPU     5383.72
 TTTTTTTTTTTTTTTTTTTTTTTTTTTTTT SHELLXN     TELAPSE     7041.79 TCPU     7041.05
 TTTTTTTTTTTTTTTTTTTTTTTTTTTTTT MONMO3      TELAPSE     7195.22 TCPU     7194.48
 CYC   3 ETOT(AU) -2.726008435562E+03 DETOT -2.41E-02 tst  5.20E-04 PX  1.32E-02
 ANDERSON MIX: BETA=  -5.370920206951E-01
 TTTTTTTTTTTTTTTTTTTTTTTTTTTTTT FDIK        TELAPSE     7195.91 TCPU     7195.17
 INSULATING STATE
 TOP OF VALENCE BANDS -    BAND     60; K    1; EIG -2.2351438E-01 AU
 BOTTOM OF VIRTUAL BANDS - BAND     61; K    1; EIG -4.0585889E-02 AU
 DIRECT ENERGY BAND GAP:   4.9777 eV
 TTTTTTTTTTTTTTTTTTTTTTTTTTTTTT PDIG        TELAPSE     7196.04 TCPU     7195.29
 CHARGE NORMALIZATION FACTOR   1.00000000
 TOTAL ATOMIC CHARGES:
  14.9972067  15.0001136  14.9991588  15.0035203  14.9992497  15.0034219
  14.9972642  15.0000646
 TTTTTTTTTTTTTTTTTTTTTTTTTTTTTT MOQGAD      TELAPSE     7196.07 TCPU     7195.32
 TTTTTTTTTTTTTTTTTTTTTTTTTTTTTT SHELLXN     TELAPSE     8851.70 TCPU     8850.78
 TTTTTTTTTTTTTTTTTTTTTTTTTTTTTT MONMO3      TELAPSE     9009.88 TCPU     9008.95
 CYC   4 ETOT(AU) -2.726025147608E+03 DETOT -1.67E-02 tst  4.92E-04 PX  1.71E-02
 ANDERSON MIX: BETA=   4.640031306895E-01
 TTTTTTTTTTTTTTTTTTTTTTTTTTTTTT FDIK        TELAPSE     9010.64 TCPU     9009.71
 INSULATING STATE
 TOP OF VALENCE BANDS -    BAND     60; K    1; EIG -2.1938994E-01 AU
 BOTTOM OF VIRTUAL BANDS - BAND     61; K    1; EIG -3.5693209E-02 AU
 DIRECT ENERGY BAND GAP:   4.9986 eV
 TTTTTTTTTTTTTTTTTTTTTTTTTTTTTT PDIG        TELAPSE     9010.76 TCPU     9009.83
 CHARGE NORMALIZATION FACTOR   1.00000000
 TOTAL ATOMIC CHARGES:
  15.0036332  15.0064756  14.9929701  14.9969203  14.9930439  14.9968580
  15.0036850  15.0064139
 TTTTTTTTTTTTTTTTTTTTTTTTTTTTTT MOQGAD      TELAPSE     9010.79 TCPU     9009.86
 TTTTTTTTTTTTTTTTTTTTTTTTTTTTTT SHELLXN     TELAPSE    10667.67 TCPU    10666.59
 TTTTTTTTTTTTTTTTTTTTTTTTTTTTTT MONMO3      TELAPSE    10822.86 TCPU    10821.77
 CYC   5 ETOT(AU) -2.726026102050E+03 DETOT -9.54E-04 tst  6.83E-06 PX  4.08E-03
 ANDERSON MIX: BETA=  -5.716990928727E-01
 TTTTTTTTTTTTTTTTTTTTTTTTTTTTTT FDIK        TELAPSE    10823.54 TCPU    10822.45
 INSULATING STATE
 TOP OF VALENCE BANDS -    BAND     60; K    1; EIG -2.2882996E-01 AU
 BOTTOM OF VIRTUAL BANDS - BAND     61; K    1; EIG -2.8083138E-02 AU
 DIRECT ENERGY BAND GAP:   5.4626 eV
 TTTTTTTTTTTTTTTTTTTTTTTTTTTTTT PDIG        TELAPSE    10823.66 TCPU    10822.57
 CHARGE NORMALIZATION FACTOR   1.00000000
 TOTAL ATOMIC CHARGES:
  15.0014273  15.0041490  14.9952061  14.9992164  14.9952891  14.9991418
  15.0014879  15.0040823
 TTTTTTTTTTTTTTTTTTTTTTTTTTTTTT MOQGAD      TELAPSE    10823.69 TCPU    10822.60
 TTTTTTTTTTTTTTTTTTTTTTTTTTTTTT SHELLXN     TELAPSE    12480.83 TCPU    12479.58
 TTTTTTTTTTTTTTTTTTTTTTTTTTTTTT MONMO3      TELAPSE    12637.78 TCPU    12636.52
 CYC   6 ETOT(AU) -2.726030506499E+03 DETOT -4.40E-03 tst  9.26E-05 PX  5.55E-03
 ANDERSON MIX: BETA=  -1.674698135305E+00
 TTTTTTTTTTTTTTTTTTTTTTTTTTTTTT FDIK        TELAPSE    12638.47 TCPU    12637.21
 INSULATING STATE
 TOP OF VALENCE BANDS -    BAND     60; K    1; EIG -2.4289038E-01 AU
 BOTTOM OF VIRTUAL BANDS - BAND     61; K    5; EIG -1.3134310E-02 AU
 INDIRECT ENERGY BAND GAP:   6.2520 eV
 BOTTOM OF VIRTUAL BANDS - BAND     61; K    1; EIG -1.0765768E-02 AU
 TTTTTTTTTTTTTTTTTTTTTTTTTTTTTT PDIG        TELAPSE    12638.60 TCPU    12637.34
 CHARGE NORMALIZATION FACTOR   1.00000000
 TOTAL ATOMIC CHARGES:
  15.0027270  15.0051986  14.9940169  14.9980568  14.9941167  14.9979591
  15.0027937  15.0051312
 TTTTTTTTTTTTTTTTTTTTTTTTTTTTTT MOQGAD      TELAPSE    12638.62 TCPU    12637.36
 TTTTTTTTTTTTTTTTTTTTTTTTTTTTTT SHELLXN     TELAPSE    14295.02 TCPU    14293.61
 TTTTTTTTTTTTTTTTTTTTTTTTTTTTTT MONMO3      TELAPSE    14452.52 TCPU    14451.10
 CYC   7 ETOT(AU) -2.726035380591E+03 DETOT -4.87E-03 tst  3.26E-04 PX  1.11E-02
 ANDERSON MIX: BETA=   1.277567212673E-01
 TTTTTTTTTTTTTTTTTTTTTTTTTTTTTT FDIK        TELAPSE    14453.37 TCPU    14451.95
 INSULATING STATE
 TOP OF VALENCE BANDS -    BAND     60; K    1; EIG -2.4349585E-01 AU
 BOTTOM OF VIRTUAL BANDS - BAND     61; K    5; EIG -1.4785173E-02 AU
 INDIRECT ENERGY BAND GAP:   6.2235 eV
 BOTTOM OF VIRTUAL BANDS - BAND     61; K    1; EIG -1.2046162E-02 AU
 TTTTTTTTTTTTTTTTTTTTTTTTTTTTTT PDIG        TELAPSE    14453.49 TCPU    14452.07
 CHARGE NORMALIZATION FACTOR   1.00000000
 TOTAL ATOMIC CHARGES:
  15.0011971  15.0034467  14.9957583  14.9995963  14.9958312  14.9995216
  15.0012590  15.0033900
 TTTTTTTTTTTTTTTTTTTTTTTTTTTTTT MOQGAD      TELAPSE    14453.52 TCPU    14452.10
 TTTTTTTTTTTTTTTTTTTTTTTTTTTTTT SHELLXN     TELAPSE    16110.62 TCPU    16109.05
 TTTTTTTTTTTTTTTTTTTTTTTTTTTTTT MONMO3      TELAPSE    16268.43 TCPU    16266.85
 CYC   8 ETOT(AU) -2.726035469686E+03 DETOT -8.91E-05 tst  7.58E-07 PX  1.03E-03
 ANDERSON MIX: BETA=   3.329059038035E-01
 TTTTTTTTTTTTTTTTTTTTTTTTTTTTTT FDIK        TELAPSE    16269.11 TCPU    16267.53
 INSULATING STATE
 TOP OF VALENCE BANDS -    BAND     60; K    1; EIG -2.4468359E-01 AU
 BOTTOM OF VIRTUAL BANDS - BAND     61; K    5; EIG -1.3791811E-02 AU
 INDIRECT ENERGY BAND GAP:   6.2829 eV
 BOTTOM OF VIRTUAL BANDS - BAND     61; K    1; EIG -1.0637421E-02 AU
 TTTTTTTTTTTTTTTTTTTTTTTTTTTTTT PDIG        TELAPSE    16269.23 TCPU    16267.65
 CHARGE NORMALIZATION FACTOR   1.00000000
 TOTAL ATOMIC CHARGES:
  15.0012330  15.0034303  14.9957666  14.9995685  14.9958392  14.9994956
  15.0012940  15.0033728
 TTTTTTTTTTTTTTTTTTTTTTTTTTTTTT MOQGAD      TELAPSE    16269.26 TCPU    16267.68
 TTTTTTTTTTTTTTTTTTTTTTTTTTTTTT SHELLXN     TELAPSE    17927.57 TCPU    17925.83
 TTTTTTTTTTTTTTTTTTTTTTTTTTTTTT MONMO3      TELAPSE    18089.77 TCPU    18088.02
 CYC   9 ETOT(AU) -2.726035707047E+03 DETOT -2.37E-04 tst  4.23E-06 PX  1.43E-03
 ANDERSON MIX: BETA=  -8.950069768543E-01
 TTTTTTTTTTTTTTTTTTTTTTTTTTTTTT FDIK        TELAPSE    18090.46 TCPU    18088.71
 INSULATING STATE
 TOP OF VALENCE BANDS -    BAND     60; K    1; EIG -2.4650335E-01 AU
 BOTTOM OF VIRTUAL BANDS - BAND     61; K    5; EIG -1.2776532E-02 AU
 INDIRECT ENERGY BAND GAP:   6.3600 eV
 BOTTOM OF VIRTUAL BANDS - BAND     61; K    1; EIG -8.9202493E-03 AU
 TTTTTTTTTTTTTTTTTTTTTTTTTTTTTT PDIG        TELAPSE    18090.58 TCPU    18088.83
 CHARGE NORMALIZATION FACTOR   1.00000000
 TOTAL ATOMIC CHARGES:
  15.0009951  15.0030966  14.9960811  14.9998257  14.9961573  14.9997506
  15.0010567  15.0030369
 TTTTTTTTTTTTTTTTTTTTTTTTTTTTTT MOQGAD      TELAPSE    18090.61 TCPU    18088.86
 TTTTTTTTTTTTTTTTTTTTTTTTTTTTTT SHELLXN     TELAPSE    19748.15 TCPU    19746.25
 TTTTTTTTTTTTTTTTTTTTTTTTTTTTTT MONMO3      TELAPSE    19909.81 TCPU    19907.89
 CYC  10 ETOT(AU) -2.726035963202E+03 DETOT -2.56E-04 tst  1.04E-05 PX  2.25E-03
 ANDERSON MIX: BETA=  -5.558027530047E-01
 TTTTTTTTTTTTTTTTTTTTTTTTTTTTTT FDIK        TELAPSE    19910.52 TCPU    19908.60
 INSULATING STATE
 TOP OF VALENCE BANDS -    BAND     60; K    1; EIG -2.4783769E-01 AU
 BOTTOM OF VIRTUAL BANDS - BAND     61; K    5; EIG -1.2215896E-02 AU
 INDIRECT ENERGY BAND GAP:   6.4116 eV
 BOTTOM OF VIRTUAL BANDS - BAND     61; K    1; EIG -7.8032593E-03 AU
 TTTTTTTTTTTTTTTTTTTTTTTTTTTTTT PDIG        TELAPSE    19910.64 TCPU    19908.72
 CHARGE NORMALIZATION FACTOR   1.00000000
 TOTAL ATOMIC CHARGES:
  15.0008163  15.0028080  14.9963530  15.0000214  14.9964310  14.9999487
  15.0008711  15.0027505
 TTTTTTTTTTTTTTTTTTTTTTTTTTTTTT MOQGAD      TELAPSE    19910.67 TCPU    19908.75
 TTTTTTTTTTTTTTTTTTTTTTTTTTTTTT SHELLXN     TELAPSE    21566.17 TCPU    21564.08
 TTTTTTTTTTTTTTTTTTTTTTTTTTTTTT MONMO3      TELAPSE    21728.76 TCPU    21726.65
 CYC  11 ETOT(AU) -2.726036071801E+03 DETOT -1.09E-04 tst  6.45E-06 PX  1.72E-03
 ANDERSON MIX: BETA=  -3.326962693414E-01
 TTTTTTTTTTTTTTTTTTTTTTTTTTTTTT FDIK        TELAPSE    21729.51 TCPU    21727.40
 INSULATING STATE
 TOP OF VALENCE BANDS -    BAND     60; K    1; EIG -2.4847383E-01 AU
 BOTTOM OF VIRTUAL BANDS - BAND     61; K    5; EIG -1.2097487E-02 AU
 INDIRECT ENERGY BAND GAP:   6.4321 eV
 BOTTOM OF VIRTUAL BANDS - BAND     61; K    1; EIG -7.3993062E-03 AU
 TTTTTTTTTTTTTTTTTTTTTTTTTTTTTT PDIG        TELAPSE    21729.63 TCPU    21727.53
 CHARGE NORMALIZATION FACTOR   1.00000000
 TOTAL ATOMIC CHARGES:
  15.0007070  15.0026284  14.9965238  15.0001401  14.9965955  15.0000740
  15.0007608  15.0025704
 TTTTTTTTTTTTTTTTTTTTTTTTTTTTTT MOQGAD      TELAPSE    21729.65 TCPU    21727.55
 TTTTTTTTTTTTTTTTTTTTTTTTTTTTTT SHELLXN     TELAPSE    23385.84 TCPU    23383.57
 TTTTTTTTTTTTTTTTTTTTTTTTTTTTTT MONMO3      TELAPSE    23546.32 TCPU    23544.04
 CYC  12 ETOT(AU) -2.726036098151E+03 DETOT -2.64E-05 tst  1.67E-06 PX  7.99E-04
 ANDERSON MIX: BETA=  -1.247925028880E+00
 TTTTTTTTTTTTTTTTTTTTTTTTTTTTTT FDIK        TELAPSE    23547.00 TCPU    23544.72
 INSULATING STATE
 TOP OF VALENCE BANDS -    BAND     60; K    1; EIG -2.4925641E-01 AU
 BOTTOM OF VIRTUAL BANDS - BAND     61; K    5; EIG -1.2008637E-02 AU
 INDIRECT ENERGY BAND GAP:   6.4558 eV
 BOTTOM OF VIRTUAL BANDS - BAND     61; K    1; EIG -6.9513793E-03 AU
 TTTTTTTTTTTTTTTTTTTTTTTTTTTTTT PDIG        TELAPSE    23547.12 TCPU    23544.84
 CHARGE NORMALIZATION FACTOR   1.00000000
 TOTAL ATOMIC CHARGES:
  15.0005825  15.0024338  14.9967112  15.0002717  14.9967801  15.0002058
  15.0006369  15.0023780
 TTTTTTTTTTTTTTTTTTTTTTTTTTTTTT MOQGAD      TELAPSE    23547.15 TCPU    23544.87
 TTTTTTTTTTTTTTTTTTTTTTTTTTTTTT SHELLXN     TELAPSE    25204.55 TCPU    25202.12
 TTTTTTTTTTTTTTTTTTTTTTTTTTTTTT MONMO3      TELAPSE    25361.27 TCPU    25358.83
 CYC  13 ETOT(AU) -2.726036108121E+03 DETOT -9.97E-06 tst  2.72E-06 PX  9.75E-04
 ANDERSON MIX: BETA=  -7.814456968130E-02
 TTTTTTTTTTTTTTTTTTTTTTTTTTTTTT FDIK        TELAPSE    25362.13 TCPU    25359.68
 INSULATING STATE
 TOP OF VALENCE BANDS -    BAND     60; K    1; EIG -2.4930509E-01 AU
 BOTTOM OF VIRTUAL BANDS - BAND     61; K    5; EIG -1.2057153E-02 AU
 INDIRECT ENERGY BAND GAP:   6.4558 eV
 BOTTOM OF VIRTUAL BANDS - BAND     61; K    1; EIG -6.9705259E-03 AU
 TTTTTTTTTTTTTTTTTTTTTTTTTTTTTT PDIG        TELAPSE    25362.25 TCPU    25359.81
 CHARGE NORMALIZATION FACTOR   1.00000000
 TOTAL ATOMIC CHARGES:
  15.0005896  15.0024033  14.9967461  15.0002598  14.9967866  15.0002198
  15.0006327  15.0023621
 TTTTTTTTTTTTTTTTTTTTTTTTTTTTTT MOQGAD      TELAPSE    25362.28 TCPU    25359.83
 TTTTTTTTTTTTTTTTTTTTTTTTTTTTTT SHELLXN     TELAPSE    27018.60 TCPU    27016.00
 TTTTTTTTTTTTTTTTTTTTTTTTTTTTTT MONMO3      TELAPSE    27185.61 TCPU    27183.00
 CYC  14 ETOT(AU) -2.726036108436E+03 DETOT -3.15E-07 tst  1.80E-08 PX  1.22E-04
 ANDERSON MIX: BETA=  -9.172814959379E-01
 TTTTTTTTTTTTTTTTTTTTTTTTTTTTTT FDIK        TELAPSE    27186.37 TCPU    27183.75
 INSULATING STATE
 TOP OF VALENCE BANDS -    BAND     60; K    1; EIG -2.4932346E-01 AU
 BOTTOM OF VIRTUAL BANDS - BAND     61; K    5; EIG -1.2117286E-02 AU
 INDIRECT ENERGY BAND GAP:   6.4547 eV
 BOTTOM OF VIRTUAL BANDS - BAND     61; K    1; EIG -7.0105528E-03 AU
 TTTTTTTTTTTTTTTTTTTTTTTTTTTTTT PDIG        TELAPSE    27186.49 TCPU    27183.87
 CHARGE NORMALIZATION FACTOR   1.00000000
 TOTAL ATOMIC CHARGES:
  15.0006029  15.0024025  14.9967470  15.0002470  14.9967890  15.0002112
  15.0006411  15.0023593
 TTTTTTTTTTTTTTTTTTTTTTTTTTTTTT MOQGAD      TELAPSE    27186.52 TCPU    27183.90
 TTTTTTTTTTTTTTTTTTTTTTTTTTTTTT SHELLXN     TELAPSE    28840.29 TCPU    28837.53

 ::: DIPOLE MOMENT ALONG NON PERIODIC DIRECTIONS:
 ::: A.U.     (Z)  2.40909E-05
 ::: DEBYE        -6.12330E-05

 +++ ENERGIES IN A.U. +++
 ::: EXT EL-POLE                                  -9.7918012464282E+03
 ::: EXT EL-SPHEROPOLE                             0.0000000000000E+00
 ::: BIELET ZONE E-E                               5.0983666044433E+03
 ::: TOTAL E-E                                    -4.6934346419849E+03
 ::: TOTAL E-N + N-E                               4.9762539649946E+03
 ::: TOTAL N-N                                    -5.7350172371727E+03
 ::: KINETIC ENERGY                                2.7261618056104E+03
 ::: TOTAL   ENERGY                               -2.7260361085525E+03
 ::: VIRIAL COEFFICIENT                            1.0000230543828E+00
 TTTTTTTTTTTTTTTTTTTTTTTTTTTTTT MONMO3      TELAPSE    29003.17 TCPU    29000.39
 CYC  15 ETOT(AU) -2.726036108553E+03 DETOT -1.17E-07 tst  1.61E-08 PX  1.22E-04

 == SCF ENDED - CONVERGENCE ON ENERGY      E(AU) -2.7260361085525E+03 CYCLES  15

 TOTAL ENERGY(HF)(AU)(  15) -2.7260361085525E+03 DE-1.2E-07 tst 1.6E-08 PX 1.2E-04
 EIGENVECTORS IN FORTRAN UNIT 10
 TTTTTTTTTTTTTTTTTTTTTTTTTTTTTT END         TELAPSE    29004.34 TCPU    29001.57
 EEEEEEEEEE TERMINATION  DATE 09 12 2017 TIME 02:05:36.6
NODE    0 CPU TIME =     29001.570
NODE    1 CPU TIME =     29001.677
NODE    2 CPU TIME =     29001.663
NODE    3 CPU TIME =     29001.585
NODE    4 CPU TIME =     29001.624
NODE    5 CPU TIME =     29001.580
NODE    6 CPU TIME =     29001.657
NODE    7 CPU TIME =     29001.551
NODE    8 CPU TIME =     29001.680
NODE    9 CPU TIME =     29001.635
NODE   10 CPU TIME =     29001.664
NODE   11 CPU TIME =     29001.662
NODE   12 CPU TIME =     29001.653
NODE   13 CPU TIME =     29001.619
    TOTAL CPU TIME =    406022.821
