 PROCESS            0  OF           14  WORKING
 PROCESS            1  OF           14  WORKING
 PROCESS            2  OF           14  WORKING
 PROCESS            3  OF           14  WORKING
 PROCESS            7  OF           14  WORKING
 PROCESS            9  OF           14  WORKING
 PROCESS           11  OF           14  WORKING
 PROCESS           13  OF           14  WORKING
 PROCESS            4  OF           14  WORKING
 PROCESS            5  OF           14  WORKING
 PROCESS            6  OF           14  WORKING
 PROCESS            8  OF           14  WORKING
 PROCESS           10  OF           14  WORKING
 PROCESS           12  OF           14  WORKING

         
 *******************************************************************************
 *                                                                             *
 *                               CRYSTAL14                                     *
 *                      public : 1.0.2 - Feb 23rd, 2013                        *
 *                       HTTP://WWW.CRYSTAL.UNITO.IT                           *
 *                                                                             *
 *                              MAIN AUTHORS                                   *
 *                                                                             *
 *  R. DOVESI(1,11), V.R. SAUNDERS(2), C. ROETTI(1,11), R. ORLANDO(1,11),      *
 *  C.M. ZICOVICH-WILSON(1,3), F. PASCALE(4), B. CIVALLERI(1,11),              *
 *  K. DOLL(5), N.M. HARRISON(2,6), I. J. BUSH(7), Ph. D'ARCO(8),              *
 *  M. LLUNELL(9), M. CAUSA'(10), Y. NOEL(8)                                   *
 *                                                                             *
 *        CONTRIBUTIONS TO THE CURRENT RELEASE HAVE BEEN GIVEN BY              *
 *                                                                             *
 *  L. MASCHIO(1,11), S. CASASSA(1,11), A. ERBA(1,11), M. FERRABONE(1,11),     *
 *  M. DE LA PIERRE(1,11), M. FERRERO(1,11), V. LACIVITA(1,11),                *
 *  J. BAIMA(1,11), E. ALBANESE(1,11), M.F. PEINTINGER(12), R. BAST(13),       *
 *  M. RERAT(14), B. KIRTMAN(15), R. DEMICHELIS(1,16)                          *
 *                                                                             *
 * (1) THEORETICAL CHEMISTRY GROUP - UNIVERSITA' DI TORINO - TORINO (ITALY)    *
 *     http://www.crystal.unito.it                                             *
 * (2) COMPUTATIONAL SCIENCE & ENGINEERING DEPARTMENT - STFC DARESBURY (UK)    *
 *     http://www.stfc.ac.uk/CSE/randd/cmg/CRYSTAL/25806.aspx                  *
 * (3) UNIVERSIDAD AUTONOMA DEL ESTADO DE MORELOS - CUERNAVACA (MEXICO)        *
 * (4) UNIVERSITE' DE LORRAINE - NANCY (FRANCE)                                *
 * (5) UNIVERSITAET ULM - ULM (GERMANY); (6) IMPERIAL COLLEGE - LONDON (UK)    *
 * (7) NAG - OXFORD (UK); (8) UPMC - SORBONNE UNIVERSITES - PARIS (FRANCE)     *
 * (9) UNIVERSIDAD DE BARCELONA - BARCELONA (SPAIN)                            *
 *(10) UNIVERSITA' DI NAPOLI "FEDERICO II" - NAPOLI (ITALY)                    *
 *(11) NIS - NANOSTRUCTURED INTERFACES AND SURFACES - TORINO (ITALY)           *
 *(12) MPI FUER CHEMISCHE ENERGIEKONVERSION - MUELHEIM AN DER RUHR (GERMANY)   *
 *(13) UNIVERSITY OF STOCKHOLM - STOCKHOLM (SWEDEN)                            *
 *(14) UNIVERSITE' DE PAU ET DES PAYS DE L'ADOUR - PAU (FRANCE)                *
 *(15) UNIVERSITY OF CALIFORNIA SANTA BARBARA - SANTA BARBARA (USA)            *
 *(16) CURTIN UNIVERSITY - PERTH (AUSTRALIA)                                   *
 *                                                                             *
 ********************************************************************************
 EEEEEEEEEE STARTING  DATE 09 12 2017 TIME 02:05:42.3
 black p                                                                         

 SLAB CALCULATION
 SYSTEM AND LATTICE                   :  OBLIQUE     
 TWO-SIDED PLANE GROUP N.  1          :  P 1             
 CORRESPONDING SPACE GROUP N.   1

 LATTICE PARAMETERS  (ANGSTROMS AND DEGREES) - CONVENTIONAL CELL
           A              B            GAMMA
        3.29400        4.46279       90.00190


 NUMBER OF IRREDUCIBLE ATOMS IN THE CONVENTIONAL CELL:    8

 INPUT COORDINATES

 ATOM AT. N.              COORDINATES
   1  15    -2.500019207010E-01 -4.209460829187E-01  3.632461643661E+00
   2  15     2.500101901927E-01 -9.421278815670E-02  3.641530001473E+00
   3  15     2.500000000000E-01  7.863000000000E-02  1.550000000000E+00
   4  15    -2.499815187864E-01  4.061106153149E-01  1.538708898854E+00
   5  15     2.500000000000E-01 -4.213700000000E-01 -1.550000000000E+00
   6  15    -2.499864188737E-01 -9.387379184557E-02 -1.539124057504E+00
   7  15    -2.499980772885E-01  7.907174242089E-02 -3.632901395412E+00
   8  15     2.500185232964E-01  4.058118423740E-01 -3.641552477004E+00

 *******************************************************************************

 << INFORMATION >>: FROM NOW ON, ALL COORDINATES REFER TO THE PRIMITIVE CELL

 *******************************************************************************

 LATTICE PARAMETERS  (ANGSTROMS AND DEGREES) - PRIMITIVE CELL
       A          B          C        ALPHA      BETA     GAMMA        VOLUME
    3.29400    4.46279  500.00000    90.00000  90.00000  90.00190     14.700433

 COORDINATES OF THE EQUIVALENT ATOMS 
 (X AND Y IN FRACTIONARY UNITS, Z IN ANGSTROMS)

 N. ATOM EQUIV AT. N.          X                  Y                  Z

   1   1   1   15 P    -2.50001920701E-01 -4.20946082919E-01  3.63246164366E+00

   2   2   1   15 P     2.50010190193E-01 -9.42127881567E-02  3.64153000147E+00

   3   3   1   15 P     2.50000000000E-01  7.86300000000E-02  1.55000000000E+00

   4   4   1   15 P    -2.49981518786E-01  4.06110615315E-01  1.53870889885E+00

   5   5   1   15 P     2.50000000000E-01 -4.21370000000E-01 -1.55000000000E+00

   6   6   1   15 P    -2.49986418874E-01 -9.38737918456E-02 -1.53912405750E+00

   7   7   1   15 P    -2.49998077288E-01  7.90717424209E-02 -3.63290139541E+00

   8   8   1   15 P     2.50018523296E-01  4.05811842374E-01 -3.64155247700E+00

 NUMBER OF SYMMETRY OPERATORS         :    1
 *******************************************************************************
 * GEOMETRY EDITING - INPUT COORDINATES ARE GIVEN IN ANGSTROM         
 *******************************************************************************

 GCALCO - MAX INDICES DIRECT LATTICE VECTOR    97    71     0
 NO.OF VECTORS CREATED 6999 STARS 3500 RMAX   341.98753 BOHR

 GEOMETRY FOR WAVE FUNCTION - DIMENSIONALITY OF THE SYSTEM    2
 (NON PERIODIC DIRECTION: LATTICE PARAMETER FORMALLY SET TO 500)
 *******************************************************************************
 LATTICE PARAMETERS (ANGSTROMS AND DEGREES) - BOHR = 0.5291772083 ANGSTROM
 PRIMITIVE CELL
         A              B              C           ALPHA      BETA       GAMMA 
     3.29400428     4.46278516   500.00000000    90.000000  90.000000  90.001902
 *******************************************************************************
 ATOMS IN THE ASYMMETRIC UNIT    8 - ATOMS IN THE UNIT CELL:    8
     ATOM                 X/A                 Y/B             Z(ANGSTROM)
 *******************************************************************************
      1 T  15 P    -2.500019207010E-01 -4.209460829187E-01  3.632461643661E+00
      2 T  15 P     2.500101901927E-01 -9.421278815670E-02  3.641530001473E+00
      3 T  15 P     2.500000000000E-01  7.863000000000E-02  1.550000000000E+00
      4 T  15 P    -2.499815187864E-01  4.061106153149E-01  1.538708898854E+00
      5 T  15 P     2.500000000000E-01 -4.213700000000E-01 -1.550000000000E+00
      6 T  15 P    -2.499864188737E-01 -9.387379184557E-02 -1.539124057504E+00
      7 T  15 P    -2.499980772885E-01  7.907174242089E-02 -3.632901395412E+00
      8 T  15 P     2.500185232964E-01  4.058118423740E-01 -3.641552477004E+00

 T = ATOM BELONGING TO THE ASYMMETRIC UNIT

 ****    1 SYMMOPS - TRANSLATORS IN FRACTIONAL UNITS
 **** MATRICES AND TRANSLATORS IN THE CRYSTALLOGRAPHIC REFERENCE FRAME
   V INV                    ROTATION MATRICES                   TRANSLATORS
   1   1  1.00 -0.00  0.00  0.00  1.00  0.00  0.00 -0.00  1.00  0.00  0.00  0.00

 DIRECT LATTICE VECTORS CARTESIAN COMPONENTS (ANGSTROM)
          X                    Y                    Z
   0.329400427819E+01  -0.109348300916E-03   0.000000000000E+00
   0.000000000000E+00   0.446278516000E+01   0.000000000000E+00
   0.000000000000E+00   0.000000000000E+00   0.500000000000E+03


 CARTESIAN COORDINATES - PRIMITIVE CELL
 *******************************************************************************
 *      ATOM          X(ANGSTROM)         Y(ANGSTROM)         Z(ANGSTROM)
 *******************************************************************************
    1    15 P    -8.235073963436E-01 -1.878564594724E+00  3.632461643661E+00
    2    15 P     8.235346360846E-01 -4.204787710575E-01  3.641530001473E+00
    3    15 P     8.235010695463E-01  3.508814600556E-01  1.550000000000E+00
    4    15 P    -8.234401923496E-01  1.812411762400E+00  1.538708898854E+00
    5    15 P     8.235010695463E-01 -1.880511119944E+00 -1.550000000000E+00
    6    15 P    -8.234563332581E-01 -4.189112295712E-01 -1.539124057504E+00
    7    15 P    -8.234947361264E-01  3.529075355163E-01 -3.632901395412E+00
    8    15 P     8.235620853638E-01  1.811023728798E+00 -3.641552477004E+00

 *******************************************************************************
 * ATOMS TRANSFORMED INTO GHOSTS :   4
   1( 15)   2( 15)   3( 15)   4( 15)
 SYMMETRY MAY BE BROKEN

 *******************************************************************************
 LOCAL ATOMIC FUNCTIONS BASIS SET
 *******************************************************************************
   ATOM   X(AU)   Y(AU)   Z(AU)  N. TYPE  EXPONENT  S COEF   P COEF   D/F/G COEF
 *******************************************************************************
   1 XX  -1.556  -3.550   6.864
                                  1 S  
                                         5.243E+04 5.521E-04 0.000E+00 0.000E+00
                                         7.863E+03 4.268E-03 0.000E+00 0.000E+00
                                         1.790E+03 2.193E-02 0.000E+00 0.000E+00
                                         5.063E+02 8.567E-02 0.000E+00 0.000E+00
                                         1.646E+02 2.484E-01 0.000E+00 0.000E+00
                                         5.839E+01 4.634E-01 0.000E+00 0.000E+00
                                         2.164E+01 3.535E-01 0.000E+00 0.000E+00
                                  2 S  
                                         9.901E+01 2.190E-02 0.000E+00 0.000E+00
                                         3.055E+01 9.565E-02 0.000E+00 0.000E+00
                                         5.454E+00-2.945E-01 0.000E+00 0.000E+00
                                  3 S  
                                         2.648E+00 1.329E+00 0.000E+00 0.000E+00
                                         1.274E+00 6.611E-01 0.000E+00 0.000E+00
                           4-     7 SP 
                                         3.500E-01 1.000E+00 1.000E+00 0.000E+00
                           8-    11 SP 
                                         1.300E-01 1.000E+00 1.000E+00 0.000E+00
                          12-    14 P  
                                         4.723E+02 0.000E+00 2.571E-03 0.000E+00
                                         1.116E+02 0.000E+00 2.025E-02 0.000E+00
                                         3.545E+01 0.000E+00 9.158E-02 0.000E+00
                                         1.299E+01 0.000E+00 2.575E-01 0.000E+00
                                         5.049E+00 0.000E+00 4.286E-01 0.000E+00
                                         1.993E+00 0.000E+00 3.436E-01 0.000E+00
                          15-    17 P  
                                         6.964E-01 0.000E+00 1.000E+00 0.000E+00
                          18-    22 D  
                                         3.120E+00 0.000E+00 0.000E+00 2.000E-01
                                         6.480E-01 0.000E+00 0.000E+00 1.000E+00
                          23-    27 D  
                                         2.180E-01 0.000E+00 0.000E+00 1.000E+00
                          28-    34 F  
                                         4.520E-01 0.000E+00 0.000E+00 1.000E+00
   2 XX   1.556  -0.795   6.881
   3 XX   1.556   0.663   2.929
   4 XX  -1.556   3.425   2.908
   5 P    1.556  -3.554  -2.929
   6 P   -1.556  -0.792  -2.909
   7 P   -1.556   0.667  -6.865
   8 P    1.556   3.422  -6.882
 INFORMATION **** SET_MPP **** PCRYSTAL CALCULATION
 INFORMATION **** READM2 **** NEW DEFAULT: FOCK/KS MATRIX MIXING SET TO 30 %
 INFORMATION **** READM2 **** NEW DEFAULT: FULL DIRECT SCF MODE
 INFORMATION **** READM2 **** NEW DEFAULT: COULOMB BIPOLAR BUFFER SET TO 32 Mb
 INFORMATION **** READM2 **** NEW DEFAULT: EXCHANGE BIPOLAR BUFFER SET TO 32 Mb
 INFORMATION **** TOLINTEG **** COULOMB AND EXCHANGE SERIES TOLERANCES MODIFIED
 INFORMATION **** MAXCYCLE **** MAX NUMBER OF SCF CYCLES SET TO          60
 INFORMATION **** EXCHSIZE **** EXCHANGE BIPOLAR BUFFER SIZE SET TO    30000000
 INFORMATION **** BIPOSIZE **** COULOMB BIPOLAR BUFFER SET TO    30000000

 GHOST ATOMS - REMOVAL OF NUCLEAR CHARGE AND ELECTRONS
 TOTAL NUCLEAR CHARGE        6.000000E+01
 TOTAL ELECTRONIC CHARGE     6.000000E+01
 *******************************************************************************
 N. OF ATOMS PER CELL         8  COULOMB OVERLAP TOL         (T1) 10**  -15
 NUMBER OF SHELLS            80  COULOMB PENETRATION TOL     (T2) 10**  -15
 NUMBER OF AO               272  EXCHANGE OVERLAP TOL        (T3) 10**  -15
 N. OF ELECTRONS PER CELL    60  EXCHANGE PSEUDO OVP (F(G))  (T4) 10**  -25
 CORE ELECTRONS PER CELL     40  EXCHANGE PSEUDO OVP (P(G))  (T5) 10**  -75
 N. OF SYMMETRY OPERATORS     1  POLE ORDER IN MONO ZONE                  4
 *******************************************************************************
 TYPE OF CALCULATION :  RESTRICTED CLOSED SHELL
 HARTREE-FOCK HAMILTONIAN

 CAPPA:IS1 12;IS2 12;IS3  1; K PTS MONK NET  74; SYMMOPS:K SPACE   2;G SPACE   1

 *******************************************************************************
 MAX NUMBER OF SCF CYCLES      60  CONVERGENCE ON DELTAP        10**-16
 WEIGHT OF F(I) IN F(I+1)      60% CONVERGENCE ON ENERGY        10**- 6
 SHRINK. FACT.(MONKH.)   12 12  1  NUMBER OF K POINTS IN THE IBZ     74
 SHRINKING FACTOR(GILAT NET)   12  NUMBER OF K POINTS(GILAT NET)     74
 *******************************************************************************
 *** K POINTS COORDINATES (OBLIQUE COORDINATES IN UNITS OF IS = 12)
   1-R(  0  0  0)   2-C(  1  0  0)   3-C(  2  0  0)   4-C(  3  0  0)
   5-C(  4  0  0)   6-C(  5  0  0)   7-R(  6  0  0)   8-C(  0  1  0)
   9-C(  1  1  0)  10-C(  2  1  0)  11-C(  3  1  0)  12-C(  4  1  0)
  13-C(  5  1  0)  14-C(  6  1  0)  15-C(  7  1  0)  16-C(  8  1  0)
  17-C(  9  1  0)  18-C( 10  1  0)  19-C( 11  1  0)  20-C(  0  2  0)
  21-C(  1  2  0)  22-C(  2  2  0)  23-C(  3  2  0)  24-C(  4  2  0)
  25-C(  5  2  0)  26-C(  6  2  0)  27-C(  7  2  0)  28-C(  8  2  0)
  29-C(  9  2  0)  30-C( 10  2  0)  31-C( 11  2  0)  32-C(  0  3  0)
  33-C(  1  3  0)  34-C(  2  3  0)  35-C(  3  3  0)  36-C(  4  3  0)
  37-C(  5  3  0)  38-C(  6  3  0)  39-C(  7  3  0)  40-C(  8  3  0)
  41-C(  9  3  0)  42-C( 10  3  0)  43-C( 11  3  0)  44-C(  0  4  0)
  45-C(  1  4  0)  46-C(  2  4  0)  47-C(  3  4  0)  48-C(  4  4  0)
  49-C(  5  4  0)  50-C(  6  4  0)  51-C(  7  4  0)  52-C(  8  4  0)
  53-C(  9  4  0)  54-C( 10  4  0)  55-C( 11  4  0)  56-C(  0  5  0)
  57-C(  1  5  0)  58-C(  2  5  0)  59-C(  3  5  0)  60-C(  4  5  0)
  61-C(  5  5  0)  62-C(  6  5  0)  63-C(  7  5  0)  64-C(  8  5  0)
  65-C(  9  5  0)  66-C( 10  5  0)  67-C( 11  5  0)  68-R(  0  6  0)
  69-C(  1  6  0)  70-C(  2  6  0)  71-C(  3  6  0)  72-C(  4  6  0)
  73-C(  5  6  0)  74-R(  6  6  0)

 DIRECT LATTICE VECTORS COMPON. (A.U.)     RECIP. LATTICE VECTORS COMPON. (A.U.) 
        X            Y            Z              X            Y            Z
    6.2247660   -0.0002066    0.0000000      1.0093850    0.0000000    0.0000000
    0.0000000    8.4334417    0.0000000      0.0000247    0.7450322    0.0000000
    0.0000000    0.0000000  944.8630670      0.0000000    0.0000000    0.0066498

 DISK SPACE FOR EIGENVECTORS (FTN 10)    10653696 REALS

 SYMMETRY ADAPTION OF THE BLOCH FUNCTIONS DISABLED
 TTTTTTTTTTTTTTTTTTTTTTTTTTTTTT gordsh1     TELAPSE        0.02 TCPU        0.01

 MATRIX SIZE: P(G) 4034896, F(G)  595816, P(G) IRR 2054600, F(G) IRR  605488
 MAX G-VECTOR INDEX FOR 1- AND 2-ELECTRON INTEGRALS 195

 TTTTTTTTTTTTTTTTTTTTTTTTTTTTTT INPUT       TELAPSE        0.02 TCPU        0.01

 NEIGHBORS OF THE NON-EQUIVALENT ATOMS

 N = NUMBER OF NEIGHBORS AT DISTANCE R
    ATOM  N     R/ANG      R/AU   NEIGHBORS (ATOM LABELS AND CELL INDICES)
   1 XX   1     2.1997     4.1569    2 XX   0 0 0
   1 XX   1     2.1997     4.1569    2 XX  -1 0 0
   1 XX   1     2.2315     4.2169    4 XX   0-1 0
   1 XX   2     3.2940     6.2248    1 XX  -1 0 0    1 XX   1 0 0
   1 XX   1     3.4264     6.4749    2 XX  -1-1 0
   1 XX   1     3.4265     6.4752    2 XX   0-1 0

   2 XX   1     2.1997     4.1569    1 XX   0 0 0
   2 XX   1     2.1997     4.1569    1 XX   1 0 0
   2 XX   1     2.2292     4.2126    3 XX   0 0 0
   2 XX   2     3.2940     6.2248    2 XX  -1 0 0    2 XX   1 0 0
   2 XX   1     3.4264     6.4749    1 XX   1 1 0
   2 XX   1     3.4265     6.4752    1 XX   0 1 0

   3 XX   1     2.2020     4.1611    4 XX   0 0 0
   3 XX   1     2.2020     4.1611    4 XX   1 0 0
   3 XX   1     2.2292     4.2126    2 XX   0 0 0
   3 XX   2     3.2940     6.2248    3 XX  -1 0 0    3 XX   1 0 0
   3 XX   1     3.4235     6.4694    4 XX   0-1 0
   3 XX   1     3.4236     6.4697    4 XX   1-1 0

   4 XX   1     2.2020     4.1611    3 XX   0 0 0
   4 XX   1     2.2020     4.1611    3 XX  -1 0 0
   4 XX   1     2.2315     4.2169    1 XX   0 1 0
   4 XX   2     3.2940     6.2248    4 XX  -1 0 0    4 XX   1 0 0
   4 XX   1     3.4235     6.4694    3 XX   0 1 0
   4 XX   1     3.4236     6.4697    3 XX  -1 1 0

   5 P    1     2.2020     4.1612    6 P    1 0 0
   5 P    1     2.2020     4.1612    6 P    0 0 0
   5 P    1     2.2292     4.2126    8 P    0-1 0
   5 P    2     3.2940     6.2248    5 P   -1 0 0    5 P    1 0 0
   5 P    1     3.4234     6.4693    6 P    0-1 0
   5 P    1     3.4235     6.4696    6 P    1-1 0

   6 P    1     2.2020     4.1612    5 P   -1 0 0
   6 P    1     2.2020     4.1612    5 P    0 0 0
   6 P    1     2.2315     4.2169    7 P    0 0 0
   6 P    2     3.2940     6.2248    6 P   -1 0 0    6 P    1 0 0
   6 P    1     3.4234     6.4693    5 P    0 1 0
   6 P    1     3.4235     6.4696    5 P   -1 1 0

   7 P    1     2.1998     4.1569    8 P   -1 0 0
   7 P    1     2.1998     4.1570    8 P    0 0 0
   7 P    1     2.2315     4.2169    6 P    0 0 0
   7 P    2     3.2940     6.2248    7 P   -1 0 0    7 P    1 0 0
   7 P    1     3.4264     6.4749    8 P   -1-1 0
   7 P    1     3.4265     6.4751    8 P    0-1 0

   8 P    1     2.1998     4.1569    7 P    1 0 0
   8 P    1     2.1998     4.1570    7 P    0 0 0
   8 P    1     2.2292     4.2126    5 P    0 1 0
   8 P    2     3.2940     6.2248    8 P   -1 0 0    8 P    1 0 0
   8 P    1     3.4264     6.4749    7 P    1 1 0
   8 P    1     3.4265     6.4751    7 P    0 1 0


 SYMMETRY ALLOWED INTERNAL DEGREE(S) OF FREEDOM:  21
 TTTTTTTTTTTTTTTTTTTTTTTTTTTTTT SYMM        TELAPSE        0.02 TCPU        0.01
 TTTTTTTTTTTTTTTTTTTTTTTTTTTTTT INT_SCREEN  TELAPSE        0.02 TCPU        0.02
 INFORMATION **** EXCBUF **** EXCH. BIPO BUFFER: WORDS USED =     6038568

 GHOST ATOMS - REMOVAL OF NUCLEAR CHARGE AND ELECTRONS
 TOTAL NUCLEAR CHARGE        6.000000E+01
 TOTAL ELECTRONIC CHARGE     6.000000E+01
 TTTTTTTTTTTTTTTTTTTTTTTTTTTTTT INT_CALC    TELAPSE        0.12 TCPU        0.11
 EEEEEEEEEE INT_CALC TERMINATION  DATE 09 12 2017 TIME 02:05:42.4

 *******************************************************************************
 black p                                                                         
 CRYSTAL - SCF - TYPE OF CALCULATION :  RESTRICTED CLOSED SHELL
 *******************************************************************************

 CAPPA:IS1 12;IS2 12;IS3  1; K PTS MONK NET  74; SYMMOPS:K SPACE   2;G SPACE   1

 TTTTTTTTTTTTTTTTTTTTTTTTTTTTTT SDIK        TELAPSE        0.23 TCPU        0.22

 AAAAAAAAAAAAAAAAAAAAAAAAAAAAAAAAAAAAAAAAAAAAAAAAAAAAAAAAAAAAAAAAAAAAAAAAAAAAAAA
         ATOMIC WAVEFUNCTION(S)


 NUCLEAR CHARGE 15.0  SYMMETRY SPECIES            S    P
 N. ELECTRONS   15.0  NUMBER OF PRIMITIVE GTOS   14    9
                      NUMBER OF CONTRACTED GTOS   5    4
                      NUMBER OF CLOSED SHELLS     3    1
                      OPEN SHELL OCCUPATION       0    3

  ZNUC SCFIT  TOTAL HF ENERGY   KINETIC ENERGY   VIRIAL THEOREM ACCURACY
  15.0  10   -3.407065374E+02  3.406804136E+02 -2.000076681E+00  3.8E-06

 AAAAAAAAAAAAAAAAAAAAAAAAAAAAAAAAAAAAAAAAAAAAAAAAAAAAAAAAAAAAAAAAAAAAAAAAAAAAAAA

 CHARGE NORMALIZATION FACTOR   1.00000000
 TOTAL ATOMIC CHARGES:
   0.0000000   0.0000000   0.0000000   0.0000000  15.0000000  15.0000000
  15.0000000  15.0000000
 TTTTTTTTTTTTTTTTTTTTTTTTTTTTTT MOQGAD      TELAPSE        0.28 TCPU        0.27
 TTTTTTTTTTTTTTTTTTTTTTTTTTTTTT SHELLXN     TELAPSE     1602.04 TCPU     1601.85
 TTTTTTTTTTTTTTTTTTTTTTTTTTTTTT MONMO3      TELAPSE     1766.69 TCPU     1766.49
 CYC   0 ETOT(AU) -1.364157435403E+03 DETOT -1.36E+03 tst  0.00E+00 PX  1.00E+00
 TTTTTTTTTTTTTTTTTTTTTTTTTTTTTT FDIK        TELAPSE     1769.80 TCPU     1769.59
 INSULATING STATE
 TOP OF VALENCE BANDS -    BAND     30; K    1; EIG -1.1147228E-01 AU
 BOTTOM OF VIRTUAL BANDS - BAND     31; K    1; EIG -5.9368770E-02 AU
 DIRECT ENERGY BAND GAP:   1.4178 eV
 TTTTTTTTTTTTTTTTTTTTTTTTTTTTTT PDIG        TELAPSE     1769.92 TCPU     1769.71
 CHARGE NORMALIZATION FACTOR   1.00000000
 TOTAL ATOMIC CHARGES:
   0.0003471   0.0003578   0.0154501   0.0153132  14.9618065  14.9660125
  15.0178683  15.0228445
 TTTTTTTTTTTTTTTTTTTTTTTTTTTTTT MOQGAD      TELAPSE     1769.97 TCPU     1769.75
 TTTTTTTTTTTTTTTTTTTTTTTTTTTTTT SHELLXN     TELAPSE     3427.75 TCPU     3427.38
 TTTTTTTTTTTTTTTTTTTTTTTTTTTTTT MONMO3      TELAPSE     3589.70 TCPU     3589.31
 CYC   1 ETOT(AU) -1.362965775833E+03 DETOT  1.19E+00 tst  0.00E+00 PX  1.00E+00
 TTTTTTTTTTTTTTTTTTTTTTTTTTTTTT FDIK        TELAPSE     3590.49 TCPU     3590.11
 INSULATING STATE
 TOP OF VALENCE BANDS -    BAND     30; K    1; EIG -1.8380638E-01 AU
 BOTTOM OF VIRTUAL BANDS - BAND     31; K    1; EIG -6.9415403E-02 AU
 DIRECT ENERGY BAND GAP:   3.1127 eV
 TTTTTTTTTTTTTTTTTTTTTTTTTTTTTT PDIG        TELAPSE     3590.59 TCPU     3590.20
 CHARGE NORMALIZATION FACTOR   1.00000000
 TOTAL ATOMIC CHARGES:
   0.0001466   0.0001501   0.0097552   0.0096091  14.9724301  14.9754040
  15.0145494  15.0179555
 TTTTTTTTTTTTTTTTTTTTTTTTTTTTTT MOQGAD      TELAPSE     3590.61 TCPU     3590.23
 TTTTTTTTTTTTTTTTTTTTTTTTTTTTTT SHELLXN     TELAPSE     5248.97 TCPU     5248.42
 TTTTTTTTTTTTTTTTTTTTTTTTTTTTTT MONMO3      TELAPSE     5408.95 TCPU     5408.39
 CYC   2 ETOT(AU) -1.362998910907E+03 DETOT -3.31E-02 tst  1.32E-03 PX  3.29E-02
 TTTTTTTTTTTTTTTTTTTTTTTTTTTTTT FDIK        TELAPSE     5409.71 TCPU     5409.15
 INSULATING STATE
 TOP OF VALENCE BANDS -    BAND     30; K    1; EIG -2.1708008E-01 AU
 BOTTOM OF VIRTUAL BANDS - BAND     31; K    1; EIG -5.9344575E-02 AU
 DIRECT ENERGY BAND GAP:   4.2922 eV
 TTTTTTTTTTTTTTTTTTTTTTTTTTTTTT PDIG        TELAPSE     5409.80 TCPU     5409.24
 CHARGE NORMALIZATION FACTOR   1.00000000
 TOTAL ATOMIC CHARGES:
   0.0000938   0.0000963   0.0082078   0.0080482  14.9821933  14.9856452
  15.0063354  15.0093800
 TTTTTTTTTTTTTTTTTTTTTTTTTTTTTT MOQGAD      TELAPSE     5409.83 TCPU     5409.27
 TTTTTTTTTTTTTTTTTTTTTTTTTTTTTT SHELLXN     TELAPSE     7067.83 TCPU     7067.11
 TTTTTTTTTTTTTTTTTTTTTTTTTTTTTT MONMO3      TELAPSE     7225.06 TCPU     7224.33
 CYC   3 ETOT(AU) -1.363010555647E+03 DETOT -1.16E-02 tst  3.65E-04 PX  1.42E-02
 ANDERSON MIX: BETA=  -4.532917710374E-01
 TTTTTTTTTTTTTTTTTTTTTTTTTTTTTT FDIK        TELAPSE     7225.82 TCPU     7225.09
 INSULATING STATE
 TOP OF VALENCE BANDS -    BAND     30; K    1; EIG -2.4382229E-01 AU
 BOTTOM OF VIRTUAL BANDS - BAND     31; K    1; EIG -4.2780195E-02 AU
 DIRECT ENERGY BAND GAP:   5.4706 eV
 TTTTTTTTTTTTTTTTTTTTTTTTTTTTTT PDIG        TELAPSE     7225.91 TCPU     7225.18
 CHARGE NORMALIZATION FACTOR   1.00000000
 TOTAL ATOMIC CHARGES:
   0.0000542   0.0000568   0.0070114   0.0068074  14.9813760  14.9852376
  15.0081650  15.0112916
 TTTTTTTTTTTTTTTTTTTTTTTTTTTTTT MOQGAD      TELAPSE     7225.94 TCPU     7225.21
 TTTTTTTTTTTTTTTTTTTTTTTTTTTTTT SHELLXN     TELAPSE     8882.05 TCPU     8881.17
 TTTTTTTTTTTTTTTTTTTTTTTTTTTTTT MONMO3      TELAPSE     9043.93 TCPU     9043.03
 CYC   4 ETOT(AU) -1.363018355143E+03 DETOT -7.80E-03 tst  3.52E-04 PX  1.02E-02
 ANDERSON MIX: BETA=  -5.604565283671E-01
 TTTTTTTTTTTTTTTTTTTTTTTTTTTTTT FDIK        TELAPSE     9044.66 TCPU     9043.77
 INSULATING STATE
 TOP OF VALENCE BANDS -    BAND     30; K    1; EIG -2.6074182E-01 AU
 BOTTOM OF VIRTUAL BANDS - BAND     31; K    1; EIG -2.7793721E-02 AU
 DIRECT ENERGY BAND GAP:   6.3388 eV
 TTTTTTTTTTTTTTTTTTTTTTTTTTTTTT PDIG        TELAPSE     9044.75 TCPU     9043.86
 CHARGE NORMALIZATION FACTOR   1.00000000
 TOTAL ATOMIC CHARGES:
   0.0000323   0.0000346   0.0064040   0.0061749  14.9870114  14.9911381
  15.0031549  15.0060498
 TTTTTTTTTTTTTTTTTTTTTTTTTTTTTT MOQGAD      TELAPSE     9044.78 TCPU     9043.88
 TTTTTTTTTTTTTTTTTTTTTTTTTTTTTT SHELLXN     TELAPSE    10700.49 TCPU    10699.44
 TTTTTTTTTTTTTTTTTTTTTTTTTTTTTT MONMO3      TELAPSE    10858.83 TCPU    10857.76
 CYC   5 ETOT(AU) -1.363022177568E+03 DETOT -3.82E-03 tst  2.44E-04 PX  9.70E-03
 ANDERSON MIX: BETA=  -1.622482494185E-01
 TTTTTTTTTTTTTTTTTTTTTTTTTTTTTT FDIK        TELAPSE    10859.62 TCPU    10858.56
 INSULATING STATE
 TOP OF VALENCE BANDS -    BAND     30; K    1; EIG -2.6463871E-01 AU
 BOTTOM OF VIRTUAL BANDS - BAND     31; K    1; EIG -2.2314127E-02 AU
 DIRECT ENERGY BAND GAP:   6.5940 eV
 TTTTTTTTTTTTTTTTTTTTTTTTTTTTTT PDIG        TELAPSE    10859.71 TCPU    10858.65
 CHARGE NORMALIZATION FACTOR   1.00000000
 TOTAL ATOMIC CHARGES:
   0.0000272   0.0000295   0.0061237   0.0058856  14.9853976  14.9893182
  15.0052708  15.0079475
 TTTTTTTTTTTTTTTTTTTTTTTTTTTTTT MOQGAD      TELAPSE    10859.74 TCPU    10858.68
 TTTTTTTTTTTTTTTTTTTTTTTTTTTTTT SHELLXN     TELAPSE    12516.69 TCPU    12515.47
 TTTTTTTTTTTTTTTTTTTTTTTTTTTTTT MONMO3      TELAPSE    12674.14 TCPU    12672.90
 CYC   6 ETOT(AU) -1.363023090909E+03 DETOT -9.13E-04 tst  4.28E-05 PX  5.08E-03
 ANDERSON MIX: BETA=   1.192377782370E-02
 TTTTTTTTTTTTTTTTTTTTTTTTTTTTTT FDIK        TELAPSE    12674.89 TCPU    12673.66
 INSULATING STATE
 TOP OF VALENCE BANDS -    BAND     30; K    1; EIG -2.6588429E-01 AU
 BOTTOM OF VIRTUAL BANDS - BAND     31; K    1; EIG -2.0572057E-02 AU
 DIRECT ENERGY BAND GAP:   6.6753 eV
 TTTTTTTTTTTTTTTTTTTTTTTTTTTTTT PDIG        TELAPSE    12674.98 TCPU    12673.75
 CHARGE NORMALIZATION FACTOR   1.00000000
 TOTAL ATOMIC CHARGES:
   0.0000256   0.0000281   0.0060549   0.0058151  14.9868661  14.9907040
  15.0039812  15.0065249
 TTTTTTTTTTTTTTTTTTTTTTTTTTTTTT MOQGAD      TELAPSE    12675.01 TCPU    12673.78
 TTTTTTTTTTTTTTTTTTTTTTTTTTTTTT SHELLXN     TELAPSE    14333.22 TCPU    14331.82
 TTTTTTTTTTTTTTTTTTTTTTTTTTTTTT MONMO3      TELAPSE    14489.86 TCPU    14488.44
 CYC   7 ETOT(AU) -1.363023394358E+03 DETOT -3.03E-04 tst  1.03E-05 PX  2.68E-03
 ANDERSON MIX: BETA=  -7.712057739576E-02
 TTTTTTTTTTTTTTTTTTTTTTTTTTTTTT FDIK        TELAPSE    14490.62 TCPU    14489.20
 INSULATING STATE
 TOP OF VALENCE BANDS -    BAND     30; K    1; EIG -2.6716758E-01 AU
 BOTTOM OF VIRTUAL BANDS - BAND     31; K    1; EIG -1.9159605E-02 AU
 DIRECT ENERGY BAND GAP:   6.7486 eV
 TTTTTTTTTTTTTTTTTTTTTTTTTTTTTT PDIG        TELAPSE    14490.71 TCPU    14489.30
 CHARGE NORMALIZATION FACTOR   1.00000000
 TOTAL ATOMIC CHARGES:
   0.0000236   0.0000260   0.0059684   0.0057231  14.9870073  14.9907154
  15.0040547  15.0064815
 TTTTTTTTTTTTTTTTTTTTTTTTTTTTTT MOQGAD      TELAPSE    14490.74 TCPU    14489.32
 TTTTTTTTTTTTTTTTTTTTTTTTTTTTTT SHELLXN     TELAPSE    16148.62 TCPU    16147.05
 TTTTTTTTTTTTTTTTTTTTTTTTTTTTTT MONMO3      TELAPSE    16305.39 TCPU    16303.80
 CYC   8 ETOT(AU) -1.363023591670E+03 DETOT -1.97E-04 tst  7.52E-06 PX  2.18E-03
 ANDERSON MIX: BETA=  -5.135818602968E-01
 TTTTTTTTTTTTTTTTTTTTTTTTTTTTTT FDIK        TELAPSE    16306.14 TCPU    16304.56
 INSULATING STATE
 TOP OF VALENCE BANDS -    BAND     30; K    1; EIG -2.6872270E-01 AU
 BOTTOM OF VIRTUAL BANDS - BAND     31; K    1; EIG -1.7777337E-02 AU
 DIRECT ENERGY BAND GAP:   6.8286 eV
 TTTTTTTTTTTTTTTTTTTTTTTTTTTTTT PDIG        TELAPSE    16306.23 TCPU    16304.65
 CHARGE NORMALIZATION FACTOR   1.00000000
 TOTAL ATOMIC CHARGES:
   0.0000212   0.0000235   0.0058808   0.0056338  14.9877160  14.9913623
  15.0035250  15.0058374
 TTTTTTTTTTTTTTTTTTTTTTTTTTTTTT MOQGAD      TELAPSE    16306.26 TCPU    16304.68
 TTTTTTTTTTTTTTTTTTTTTTTTTTTTTT SHELLXN     TELAPSE    17964.62 TCPU    17962.86
 TTTTTTTTTTTTTTTTTTTTTTTTTTTTTT MONMO3      TELAPSE    18122.36 TCPU    18120.58
 CYC   9 ETOT(AU) -1.363023746309E+03 DETOT -1.55E-04 tst  9.16E-06 PX  2.38E-03
 ANDERSON MIX: BETA=  -5.819967012704E-01
 TTTTTTTTTTTTTTTTTTTTTTTTTTTTTT FDIK        TELAPSE    18123.12 TCPU    18121.33
 INSULATING STATE
 TOP OF VALENCE BANDS -    BAND     30; K    1; EIG -2.7017397E-01 AU
 BOTTOM OF VIRTUAL BANDS - BAND     31; K    1; EIG -1.6652609E-02 AU
 DIRECT ENERGY BAND GAP:   6.8987 eV
 TTTTTTTTTTTTTTTTTTTTTTTTTTTTTT PDIG        TELAPSE    18123.21 TCPU    18121.42
 CHARGE NORMALIZATION FACTOR   1.00000000
 TOTAL ATOMIC CHARGES:
   0.0000189   0.0000211   0.0057962   0.0055448  14.9880700  14.9916421
  15.0033507  15.0055560
 TTTTTTTTTTTTTTTTTTTTTTTTTTTTTT MOQGAD      TELAPSE    18123.24 TCPU    18121.45
 TTTTTTTTTTTTTTTTTTTTTTTTTTTTTT SHELLXN     TELAPSE    19779.32 TCPU    19777.39
 TTTTTTTTTTTTTTTTTTTTTTTTTTTTTT MONMO3      TELAPSE    19940.01 TCPU    19938.06
 CYC  10 ETOT(AU) -1.363023827789E+03 DETOT -8.15E-05 tst  7.05E-06 PX  2.01E-03
 ANDERSON MIX: BETA=  -3.870107443535E-01
 TTTTTTTTTTTTTTTTTTTTTTTTTTTTTT FDIK        TELAPSE    19940.78 TCPU    19938.83
 INSULATING STATE
 TOP OF VALENCE BANDS -    BAND     30; K    1; EIG -2.7103690E-01 AU
 BOTTOM OF VIRTUAL BANDS - BAND     31; K    1; EIG -1.6099692E-02 AU
 DIRECT ENERGY BAND GAP:   6.9372 eV
 TTTTTTTTTTTTTTTTTTTTTTTTTTTTTT PDIG        TELAPSE    19940.87 TCPU    19938.92
 CHARGE NORMALIZATION FACTOR   1.00000000
 TOTAL ATOMIC CHARGES:
   0.0000178   0.0000200   0.0057502   0.0054994  14.9884602  14.9919694
  15.0030772  15.0052058
 TTTTTTTTTTTTTTTTTTTTTTTTTTTTTT MOQGAD      TELAPSE    19940.90 TCPU    19938.95
 TTTTTTTTTTTTTTTTTTTTTTTTTTTTTT SHELLXN     TELAPSE    21597.84 TCPU    21595.74
 TTTTTTTTTTTTTTTTTTTTTTTTTTTTTT MONMO3      TELAPSE    21758.53 TCPU    21756.42
 CYC  11 ETOT(AU) -1.363023852446E+03 DETOT -2.47E-05 tst  2.40E-06 PX  1.11E-03
 ANDERSON MIX: BETA=  -3.286901463852E-01
 TTTTTTTTTTTTTTTTTTTTTTTTTTTTTT FDIK        TELAPSE    21759.32 TCPU    21757.21
 INSULATING STATE
 TOP OF VALENCE BANDS -    BAND     30; K    1; EIG -2.7148985E-01 AU
 BOTTOM OF VIRTUAL BANDS - BAND     31; K    1; EIG -1.5843274E-02 AU
 DIRECT ENERGY BAND GAP:   6.9565 eV
 TTTTTTTTTTTTTTTTTTTTTTTTTTTTTT PDIG        TELAPSE    21759.41 TCPU    21757.30
 CHARGE NORMALIZATION FACTOR   1.00000000
 TOTAL ATOMIC CHARGES:
   0.0000172   0.0000193   0.0057245   0.0054742  14.9885732  14.9920356
  15.0030391  15.0051170
 TTTTTTTTTTTTTTTTTTTTTTTTTTTTTT MOQGAD      TELAPSE    21759.44 TCPU    21757.33
 TTTTTTTTTTTTTTTTTTTTTTTTTTTTTT SHELLXN     TELAPSE    23415.55 TCPU    23413.29
 TTTTTTTTTTTTTTTTTTTTTTTTTTTTTT MONMO3      TELAPSE    23577.43 TCPU    23575.16
 CYC  12 ETOT(AU) -1.363023859148E+03 DETOT -6.70E-06 tst  6.70E-07 PX  5.35E-04
 ANDERSON MIX: BETA=  -3.227832667438E-01
 TTTTTTTTTTTTTTTTTTTTTTTTTTTTTT FDIK        TELAPSE    23578.20 TCPU    23575.94
 INSULATING STATE
 TOP OF VALENCE BANDS -    BAND     30; K    1; EIG -2.7173371E-01 AU
 BOTTOM OF VIRTUAL BANDS - BAND     31; K    1; EIG -1.5726293E-02 AU
 DIRECT ENERGY BAND GAP:   6.9663 eV
 TTTTTTTTTTTTTTTTTTTTTTTTTTTTTT PDIG        TELAPSE    23578.30 TCPU    23576.03
 CHARGE NORMALIZATION FACTOR   1.00000000
 TOTAL ATOMIC CHARGES:
   0.0000168   0.0000190   0.0057122   0.0054626  14.9886903  14.9921340
  15.0029546  15.0050105
 TTTTTTTTTTTTTTTTTTTTTTTTTTTTTT MOQGAD      TELAPSE    23578.32 TCPU    23576.05
 TTTTTTTTTTTTTTTTTTTTTTTTTTTTTT SHELLXN     TELAPSE    25236.02 TCPU    25233.59
 TTTTTTTTTTTTTTTTTTTTTTTTTTTTTT MONMO3      TELAPSE    25394.42 TCPU    25391.98
 CYC  13 ETOT(AU) -1.363023861136E+03 DETOT -1.99E-06 tst  2.09E-07 PX  2.78E-04
 ANDERSON MIX: BETA=  -3.443887261882E-01
 TTTTTTTTTTTTTTTTTTTTTTTTTTTTTT FDIK        TELAPSE    25395.19 TCPU    25392.75
 INSULATING STATE
 TOP OF VALENCE BANDS -    BAND     30; K    1; EIG -2.7187495E-01 AU
 BOTTOM OF VIRTUAL BANDS - BAND     31; K    1; EIG -1.5659285E-02 AU
 DIRECT ENERGY BAND GAP:   6.9720 eV
 TTTTTTTTTTTTTTTTTTTTTTTTTTTTTT PDIG        TELAPSE    25395.29 TCPU    25392.85
 CHARGE NORMALIZATION FACTOR   1.00000000
 TOTAL ATOMIC CHARGES:
   0.0000166   0.0000187   0.0057045   0.0054550  14.9887286  14.9921563
  15.0029412  15.0049791
 TTTTTTTTTTTTTTTTTTTTTTTTTTTTTT MOQGAD      TELAPSE    25395.31 TCPU    25392.87
 TTTTTTTTTTTTTTTTTTTTTTTTTTTTTT SHELLXN     TELAPSE    27050.20 TCPU    27047.61
 TTTTTTTTTTTTTTTTTTTTTTTTTTTTTT MONMO3      TELAPSE    27211.53 TCPU    27208.93
 CYC  14 ETOT(AU) -1.363023861806E+03 DETOT -6.70E-07 tst  7.74E-08 PX  1.55E-04
 ANDERSON MIX: BETA=  -3.405450149809E-01
 TTTTTTTTTTTTTTTTTTTTTTTTTTTTTT FDIK        TELAPSE    27212.29 TCPU    27209.68
 INSULATING STATE
 TOP OF VALENCE BANDS -    BAND     30; K    1; EIG -2.7195676E-01 AU
 BOTTOM OF VIRTUAL BANDS - BAND     31; K    1; EIG -1.5622484E-02 AU
 DIRECT ENERGY BAND GAP:   6.9752 eV
 TTTTTTTTTTTTTTTTTTTTTTTTTTTTTT PDIG        TELAPSE    27212.38 TCPU    27209.78
 CHARGE NORMALIZATION FACTOR   1.00000000
 TOTAL ATOMIC CHARGES:
   0.0000165   0.0000186   0.0057003   0.0054510  14.9887701  14.9921879
  15.0029146  15.0049411
 TTTTTTTTTTTTTTTTTTTTTTTTTTTTTT MOQGAD      TELAPSE    27212.41 TCPU    27209.80
 TTTTTTTTTTTTTTTTTTTTTTTTTTTTTT SHELLXN     TELAPSE    28866.43 TCPU    28863.67

 ::: DIPOLE MOMENT ALONG NON PERIODIC DIRECTIONS:
 ::: A.U.     (Z)  2.65247E-02
 ::: DEBYE        -6.74191E-02

 +++ ENERGIES IN A.U. +++
 ::: EXT EL-POLE                                  -2.2132282082087E+03
 ::: EXT EL-SPHEROPOLE                             0.0000000000000E+00
 ::: BIELET ZONE E-E                               1.9764929889086E+03
 ::: TOTAL E-E                                    -2.3673521930009E+02
 ::: TOTAL E-N + N-E                              -1.7318513596412E+03
 ::: TOTAL N-N                                    -7.5746123710105E+02
 ::: KINETIC ENERGY                                1.3630239540085E+03
 ::: TOTAL   ENERGY                               -1.3630238620338E+03
 ::: VIRIAL COEFFICIENT                            1.0000000337392E+00
 TTTTTTTTTTTTTTTTTTTTTTTTTTTTTT MONMO3      TELAPSE    29028.99 TCPU    29026.22
 CYC  15 ETOT(AU) -1.363023862034E+03 DETOT -2.28E-07 tst  2.94E-08 PX  1.55E-04

 == SCF ENDED - CONVERGENCE ON ENERGY      E(AU) -1.3630238620338E+03 CYCLES  15

 TOTAL ENERGY(HF)(AU)(  15) -1.3630238620338E+03 DE-2.3E-07 tst 2.9E-08 PX 1.5E-04
 EIGENVECTORS IN FORTRAN UNIT 10
 TTTTTTTTTTTTTTTTTTTTTTTTTTTTTT END         TELAPSE    29030.16 TCPU    29027.40
 EEEEEEEEEE TERMINATION  DATE 09 12 2017 TIME 10:09:32.5
NODE    0 CPU TIME =     29027.395
NODE    1 CPU TIME =     29027.463
NODE    2 CPU TIME =     29027.515
NODE    3 CPU TIME =     29027.406
NODE    4 CPU TIME =     29027.428
NODE    5 CPU TIME =     29027.470
NODE    6 CPU TIME =     29027.419
NODE    7 CPU TIME =     29027.401
NODE    8 CPU TIME =     29027.486
NODE    9 CPU TIME =     29027.428
NODE   10 CPU TIME =     29027.468
NODE   11 CPU TIME =     29027.465
NODE   12 CPU TIME =     29027.447
NODE   13 CPU TIME =     29027.450
    TOTAL CPU TIME =    406384.241
